
Optional file libmchp_peripheral.a not found

Optional file libmchp_peripheral_32MX250F128B.a not found
Archive member included to satisfy reference by file (symbol)

c:/program files/microchip/xc32/v4.10/bin/bin/../../lib/gcc/pic32mx/8.3.1/../../../../pic32mx/lib\libpic32.a(memcpy.o)
                              build/default/debug/_ext/404212886/queue.o (memcpy)
c:/program files/microchip/xc32/v4.10/bin/bin/../../lib/gcc/pic32mx/8.3.1/../../../../pic32mx/lib\libpic32.a(memset.o)
                              build/default/debug/_ext/404212886/FreeRTOS_tasks.o (memset)
c:/program files/microchip/xc32/v4.10/bin/bin/../../lib/gcc/pic32mx/8.3.1/../../../../pic32mx/lib\libpic32.a(strlen.o)
                              build/default/debug/_ext/1360937237/enc28j60Task.o (strlen)
c:/program files/microchip/xc32/v4.10/bin/bin/../../lib/gcc/pic32mx/8.3.1/../../../../pic32mx/lib\libpic32.a(default-on-reset.o)
                              C:\Users\kolel\AppData\Local\Temp\ccE7cNJH.o (_on_reset)
c:/program files/microchip/xc32/v4.10/bin/bin/../../lib/gcc/pic32mx/8.3.1/../../../../pic32mx/lib\libpic32.a(default-on-bootstrap.o)
                              C:\Users\kolel\AppData\Local\Temp\ccE7cNJH.o (_on_bootstrap)
c:/program files/microchip/xc32/v4.10/bin/bin/../../lib/gcc/pic32mx/8.3.1/../../../../pic32mx/lib\libpic32.a(default-nmi-handler.o)
                              C:\Users\kolel\AppData\Local\Temp\ccE7cNJH.o (_nmi_handler)
c:/program files/microchip/xc32/v4.10/bin/bin/../../lib/gcc/pic32mx/8.3.1/../../../../pic32mx/lib\libpic32.a(pic32_data_init.o)
                              C:\Users\kolel\AppData\Local\Temp\ccE7cNJH.o (__pic32_data_init)
c:/program files/microchip/xc32/v4.10/bin/bin/../../lib/gcc/pic32mx/8.3.1/../../../../pic32mx/lib\libpic32.a(general-exception.o)
                              C:\Users\kolel\AppData\Local\Temp\ccE7cNJH.o (_general_exception_context)
c:/program files/microchip/xc32/v4.10/bin/bin/../../lib/gcc/pic32mx/8.3.1/../../../../pic32mx/lib\libpic32.a(vector0.o)
                              C:\Users\kolel\AppData\Local\Temp\ccsLeZN1.o (__vector_dispatch_0)
c:/program files/microchip/xc32/v4.10/bin/bin/../../lib/gcc/pic32mx/8.3.1/../../../../pic32mx/lib\libpic32.a(vector2.o)
                              C:\Users\kolel\AppData\Local\Temp\ccsLeZN1.o (__vector_dispatch_2)
c:/program files/microchip/xc32/v4.10/bin/bin/../../lib/gcc/pic32mx/8.3.1/../../../../pic32mx/lib\libpic32.a(vector3.o)
                              C:\Users\kolel\AppData\Local\Temp\ccsLeZN1.o (__vector_dispatch_3)
c:/program files/microchip/xc32/v4.10/bin/bin/../../lib/gcc/pic32mx/8.3.1/../../../../pic32mx/lib\libpic32.a(vector5.o)
                              C:\Users\kolel\AppData\Local\Temp\ccsLeZN1.o (__vector_dispatch_5)
c:/program files/microchip/xc32/v4.10/bin/bin/../../lib/gcc/pic32mx/8.3.1/../../../../pic32mx/lib\libpic32.a(vector6.o)
                              C:\Users\kolel\AppData\Local\Temp\ccsLeZN1.o (__vector_dispatch_6)
c:/program files/microchip/xc32/v4.10/bin/bin/../../lib/gcc/pic32mx/8.3.1/../../../../pic32mx/lib\libpic32.a(vector7.o)
                              C:\Users\kolel\AppData\Local\Temp\ccsLeZN1.o (__vector_dispatch_7)
c:/program files/microchip/xc32/v4.10/bin/bin/../../lib/gcc/pic32mx/8.3.1/../../../../pic32mx/lib\libpic32.a(vector8.o)
                              C:\Users\kolel\AppData\Local\Temp\ccsLeZN1.o (__vector_dispatch_8)
c:/program files/microchip/xc32/v4.10/bin/bin/../../lib/gcc/pic32mx/8.3.1/../../../../pic32mx/lib\libpic32.a(vector9.o)
                              C:\Users\kolel\AppData\Local\Temp\ccsLeZN1.o (__vector_dispatch_9)
c:/program files/microchip/xc32/v4.10/bin/bin/../../lib/gcc/pic32mx/8.3.1/../../../../pic32mx/lib\libpic32.a(vector10.o)
                              C:\Users\kolel\AppData\Local\Temp\ccsLeZN1.o (__vector_dispatch_10)
c:/program files/microchip/xc32/v4.10/bin/bin/../../lib/gcc/pic32mx/8.3.1/../../../../pic32mx/lib\libpic32.a(vector11.o)
                              C:\Users\kolel\AppData\Local\Temp\ccsLeZN1.o (__vector_dispatch_11)
c:/program files/microchip/xc32/v4.10/bin/bin/../../lib/gcc/pic32mx/8.3.1/../../../../pic32mx/lib\libpic32.a(vector12.o)
                              C:\Users\kolel\AppData\Local\Temp\ccsLeZN1.o (__vector_dispatch_12)
c:/program files/microchip/xc32/v4.10/bin/bin/../../lib/gcc/pic32mx/8.3.1/../../../../pic32mx/lib\libpic32.a(vector13.o)
                              C:\Users\kolel\AppData\Local\Temp\ccsLeZN1.o (__vector_dispatch_13)
c:/program files/microchip/xc32/v4.10/bin/bin/../../lib/gcc/pic32mx/8.3.1/../../../../pic32mx/lib\libpic32.a(vector14.o)
                              C:\Users\kolel\AppData\Local\Temp\ccsLeZN1.o (__vector_dispatch_14)
c:/program files/microchip/xc32/v4.10/bin/bin/../../lib/gcc/pic32mx/8.3.1/../../../../pic32mx/lib\libpic32.a(vector15.o)
                              C:\Users\kolel\AppData\Local\Temp\ccsLeZN1.o (__vector_dispatch_15)
[...]
Memory Configuration

Name             Origin             Length             Attributes
kseg0_data_mem   0x0000000080000000 0x0000000000000200
kseg1_data_mem   0x00000000a0000000 0x0000000000008000 w !x
kseg0_boot_mem   0x000000009fc00490 0x0000000000000000
kseg1_boot_mem   0x00000000bfc00000 0x0000000000000490
kseg0_program_mem 0x000000009d000000 0x000000000001f000 xr
exception_mem    0x000000009d01f000 0x0000000000001000
debug_exec_mem   0x000000009fc00490 0x0000000000000760
config3          0x00000000bfc00bf0 0x0000000000000004
config2          0x00000000bfc00bf4 0x0000000000000004
config1          0x00000000bfc00bf8 0x0000000000000004
config0          0x00000000bfc00bfc 0x0000000000000004
sfrs             0x00000000bf800000 0x0000000000100000
configsfrs       0x00000000bfc00bf0 0x0000000000000010
*default*        0x0000000000000000 0xffffffffffffffff

Linker script and memory map


reserve_data_0_kseg0
                0x0000000080000000      0x200
                0x0000000080000000        0x2 SHORT 0x0
                0x00000000000001fd                . = 0x1fd
 *fill*         0x0000000080000002      0x1fb 
                0x0000000080000200                . = ALIGN (0x4)
 *fill*         0x00000000800001fd        0x3 

reserve_data_0_kseg1
                0x00000000a0000000      0x200
                0x00000000a0000000        0x2 SHORT 0x0
                0x00000000000001fd                . = 0x1fd
 *fill*         0x00000000a0000002      0x1fb 
                0x00000000a0000200                . = ALIGN (0x4)
 *fill*         0x00000000a00001fd        0x3 

reserve_boot_0x1fc00490_kseg0
                0x000000009fc00490      0x760
                0x000000009fc00490        0x2 SHORT 0x0
                0x0000000000000760                . = 0x760
 *fill*         0x000000009fc00492      0x75e 
                0x000000009fc00bf0                . = ALIGN (0x4)

reserve_boot_0x1fc00490_kseg1
                0x00000000bfc00490      0x760
                0x00000000bfc00490        0x2 SHORT 0x0
                0x0000000000000760                . = 0x760
 *fill*         0x00000000bfc00492      0x75e 
                0x00000000bfc00bf0                . = ALIGN (0x4)
LOAD c:/program files/microchip/xc32/v4.10/bin/bin/../../lib/gcc/pic32mx/8.3.1/../../../../pic32mx/lib\software-debug-break.o
LOAD build/default/debug/_ext/60165520/plib_clk.o
LOAD build/default/debug/_ext/1865200349/plib_evic.o
LOAD build/default/debug/_ext/1865254177/plib_gpio.o
LOAD build/default/debug/_ext/298189674/plib_spi2_master.o
LOAD build/default/debug/_ext/1865657120/plib_uart1.o
LOAD build/default/debug/_ext/163028504/xc32_monitor.o
LOAD build/default/debug/_ext/1171490990/initialization.o
LOAD build/default/debug/_ext/1171490990/interrupts.o
LOAD build/default/debug/_ext/1171490990/interrupts_a.o
LOAD build/default/debug/_ext/1171490990/exceptions.o
LOAD build/default/debug/_ext/1171490990/freertos_hooks.o
LOAD build/default/debug/_ext/1665200909/heap_1.o
LOAD build/default/debug/_ext/951553248/port.o
LOAD build/default/debug/_ext/951553248/port_asm.o
LOAD build/default/debug/_ext/404212886/croutine.o
LOAD build/default/debug/_ext/404212886/list.o
LOAD build/default/debug/_ext/404212886/queue.o
LOAD build/default/debug/_ext/404212886/FreeRTOS_tasks.o
LOAD build/default/debug/_ext/404212886/timers.o
LOAD build/default/debug/_ext/404212886/event_groups.o
LOAD build/default/debug/_ext/404212886/stream_buffer.o
LOAD build/default/debug/_ext/1360937237/main.o
LOAD build/default/debug/_ext/1360937237/enc28j60Task.o
LOAD build/default/debug/_ext/1360937237/blinky.o
LOAD build/default/debug/_ext/1360937237/enc28j60Driver.o
                0x0000000000000001                __MPLAB_BUILD = 0x1
                0x0000000000000400                PROVIDE (_min_stack_size = 0x400)
START GROUP
LOAD libmchp_peripheral.a
END GROUP
START GROUP
LOAD libmchp_peripheral_32MX250F128B.a
END GROUP
                0x0000000000000001                PROVIDE (_vector_spacing = 0x1)
                0x000000009d01f000                PROVIDE (_ebase_address = 0x9d01f000)
                0x00000000bfc00000                _RESET_ADDR = 0xbfc00000
                0x00000000bfc00380                _BEV_EXCPT_ADDR = 0xbfc00380
                0x00000000bfc00480                _DBG_EXCPT_ADDR = 0xbfc00480
                0x000000009fc00490                _DBG_CODE_ADDR = 0x9fc00490
                0x0000000000000760                _DBG_CODE_SIZE = 0x760
                0x000000009d01f180                _GEN_EXCPT_ADDR = (_ebase_address + 0x180)

.config_BFC00BF0
                0x00000000bfc00bf0        0x4
 *(.config_BFC00BF0)
 .config_BFC00BF0
                0x00000000bfc00bf0        0x4 build/default/debug/_ext/1171490990/initialization.o
                0x00000000bfc00bf0                __config_BFC00BF0

.config_BFC00BF4
                0x00000000bfc00bf4        0x4
 *(.config_BFC00BF4)
 .config_BFC00BF4
                0x00000000bfc00bf4        0x4 build/default/debug/_ext/1171490990/initialization.o
                0x00000000bfc00bf4                __config_BFC00BF4

.config_BFC00BF8
                0x00000000bfc00bf8        0x4
 *(.config_BFC00BF8)
 .config_BFC00BF8
                0x00000000bfc00bf8        0x4 build/default/debug/_ext/1171490990/initialization.o
                0x00000000bfc00bf8                __config_BFC00BF8

.config_BFC00BFC
                0x00000000bfc00bfc        0x4
 *(.config_BFC00BFC)
 .config_BFC00BFC
                0x00000000bfc00bfc        0x4 build/default/debug/_ext/1171490990/initialization.o
                0x00000000bfc00bfc                __config_BFC00BFC

.reset          0x00000000bfc00000      0x178
 *(.reset)
 .reset         0x00000000bfc00000        0x8 C:\Users\kolel\AppData\Local\Temp\ccE7cNJH.o
                0x00000000bfc00000                _reset
 *(.reset.startup)
 .reset.startup
                0x00000000bfc00008      0x170 C:\Users\kolel\AppData\Local\Temp\ccE7cNJH.o
                0x00000000bfc00008                _startup

.bev_excpt      0x00000000bfc00380       0x10
 *(.bev_handler)
 .bev_handler   0x00000000bfc00380       0x10 C:\Users\kolel\AppData\Local\Temp\ccE7cNJH.o

.dbg_excpt      0x00000000bfc00480        0x0
                0x00000000bfc00480                . = (. + DEFINED (_DEBUGGER)?0x8:0x0)

.dbg_code       0x000000009fc00490        0x0
                0x000000009fc00490                . = (. + DEFINED (_DEBUGGER)?_DBG_CODE_SIZE:0x0)

.app_excpt      0x000000009d01f180       0x10
 *(.gen_handler)
 .gen_handler   0x000000009d01f180       0x10 C:\Users\kolel\AppData\Local\Temp\ccE7cNJH.o

.vector_0       0x000000009d01f200        0x8
 *(.vector_0)
 .vector_0      0x000000009d01f200        0x8 c:/program files/microchip/xc32/v4.10/bin/bin/../../lib/gcc/pic32mx/8.3.1/../../../../pic32mx/lib\libpic32.a(vector0.o)
                0x000000009d01f200                __vector_dispatch_0
                0x0000000000000001                ASSERT (((_vector_spacing == 0x0) || (SIZEOF (.vector_0) <= (_vector_spacing << 0x5))), function at exception vector 0 too large)

.vector_1       0x000000009d01f220        0x8
 *(.vector_1)
 .vector_1      0x000000009d01f220        0x8 build/default/debug/_ext/951553248/port.o
                0x000000009d01f220                __vector_dispatch_1
                0x0000000000000001                ASSERT (((_vector_spacing == 0x0) || (SIZEOF (.vector_1) <= (_vector_spacing << 0x5))), function at exception vector 1 too large)

.vector_2       0x000000009d01f240        0x8
 *(.vector_2)
 .vector_2      0x000000009d01f240        0x8 c:/program files/microchip/xc32/v4.10/bin/bin/../../lib/gcc/pic32mx/8.3.1/../../../../pic32mx/lib\libpic32.a(vector2.o)
                0x000000009d01f240                __vector_dispatch_2
                0x0000000000000001                ASSERT (((_vector_spacing == 0x0) || (SIZEOF (.vector_2) <= (_vector_spacing << 0x5))), function at exception vector 2 too large)

.vector_3       0x000000009d01f260        0x8
 *(.vector_3)
 .vector_3      0x000000009d01f260        0x8 c:/program files/microchip/xc32/v4.10/bin/bin/../../lib/gcc/pic32mx/8.3.1/../../../../pic32mx/lib\libpic32.a(vector3.o)
                0x000000009d01f260                __vector_dispatch_3
                0x0000000000000001                ASSERT (((_vector_spacing == 0x0) || (SIZEOF (.vector_3) <= (_vector_spacing << 0x5))), function at exception vector 3 too large)

.vector_4       0x000000009d01f280        0x8
 *(.vector_4)
 .vector_4      0x000000009d01f280        0x8 build/default/debug/_ext/951553248/port.o
                0x000000009d01f280                __vector_dispatch_4
                0x0000000000000001                ASSERT (((_vector_spacing == 0x0) || (SIZEOF (.vector_4) <= (_vector_spacing << 0x5))), function at exception vector 4 too large)

.vector_5       0x000000009d01f2a0        0x8
 *(.vector_5)
 .vector_5      0x000000009d01f2a0        0x8 c:/program files/microchip/xc32/v4.10/bin/bin/../../lib/gcc/pic32mx/8.3.1/../../../../pic32mx/lib\libpic32.a(vector5.o)
                0x000000009d01f2a0                __vector_dispatch_5
                0x0000000000000001                ASSERT (((_vector_spacing == 0x0) || (SIZEOF (.vector_5) <= (_vector_spacing << 0x5))), function at exception vector 5 too large)

.vector_6       0x000000009d01f2c0        0x8
 *(.vector_6)
 .vector_6      0x000000009d01f2c0        0x8 c:/program files/microchip/xc32/v4.10/bin/bin/../../lib/gcc/pic32mx/8.3.1/../../../../pic32mx/lib\libpic32.a(vector6.o)
                0x000000009d01f2c0                __vector_dispatch_6
                0x0000000000000001                ASSERT (((_vector_spacing == 0x0) || (SIZEOF (.vector_6) <= (_vector_spacing << 0x5))), function at exception vector 6 too large)

.vector_7       0x000000009d01f2e0        0x8
 *(.vector_7)
 .vector_7      0x000000009d01f2e0        0x8 c:/program files/microchip/xc32/v4.10/bin/bin/../../lib/gcc/pic32mx/8.3.1/../../../../pic32mx/lib\libpic32.a(vector7.o)
                0x000000009d01f2e0                __vector_dispatch_7
                0x0000000000000001                ASSERT (((_vector_spacing == 0x0) || (SIZEOF (.vector_7) <= (_vector_spacing << 0x5))), function at exception vector 7 too large)

.vector_8       0x000000009d01f300        0x8
 *(.vector_8)
 .vector_8      0x000000009d01f300        0x8 c:/program files/microchip/xc32/v4.10/bin/bin/../../lib/gcc/pic32mx/8.3.1/../../../../pic32mx/lib\libpic32.a(vector8.o)
                0x000000009d01f300                __vector_dispatch_8
                0x0000000000000001                ASSERT (((_vector_spacing == 0x0) || (SIZEOF (.vector_8) <= (_vector_spacing << 0x5))), function at exception vector 8 too large)

.vector_9       0x000000009d01f320        0x8
 *(.vector_9)
 .vector_9      0x000000009d01f320        0x8 c:/program files/microchip/xc32/v4.10/bin/bin/../../lib/gcc/pic32mx/8.3.1/../../../../pic32mx/lib\libpic32.a(vector9.o)
                0x000000009d01f320                __vector_dispatch_9
                0x0000000000000001                ASSERT (((_vector_spacing == 0x0) || (SIZEOF (.vector_9) <= (_vector_spacing << 0x5))), function at exception vector 9 too large)

.vector_10      0x000000009d01f340        0x8
 *(.vector_10)
 .vector_10     0x000000009d01f340        0x8 c:/program files/microchip/xc32/v4.10/bin/bin/../../lib/gcc/pic32mx/8.3.1/../../../../pic32mx/lib\libpic32.a(vector10.o)
                0x000000009d01f340                __vector_dispatch_10
                0x0000000000000001                ASSERT (((_vector_spacing == 0x0) || (SIZEOF (.vector_10) <= (_vector_spacing << 0x5))), function at exception vector 10 too large)

.vector_11      0x000000009d01f360        0x8
 *(.vector_11)
 .vector_11     0x000000009d01f360        0x8 c:/program files/microchip/xc32/v4.10/bin/bin/../../lib/gcc/pic32mx/8.3.1/../../../../pic32mx/lib\libpic32.a(vector11.o)
                0x000000009d01f360                __vector_dispatch_11
                0x0000000000000001                ASSERT (((_vector_spacing == 0x0) || (SIZEOF (.vector_11) <= (_vector_spacing << 0x5))), function at exception vector 11 too large)

.vector_12      0x000000009d01f380        0x8
 *(.vector_12)
 .vector_12     0x000000009d01f380        0x8 c:/program files/microchip/xc32/v4.10/bin/bin/../../lib/gcc/pic32mx/8.3.1/../../../../pic32mx/lib\libpic32.a(vector12.o)
                0x000000009d01f380                __vector_dispatch_12
                0x0000000000000001                ASSERT (((_vector_spacing == 0x0) || (SIZEOF (.vector_12) <= (_vector_spacing << 0x5))), function at exception vector 12 too large)

.vector_13      0x000000009d01f3a0        0x8
 *(.vector_13)
 .vector_13     0x000000009d01f3a0        0x8 c:/program files/microchip/xc32/v4.10/bin/bin/../../lib/gcc/pic32mx/8.3.1/../../../../pic32mx/lib\libpic32.a(vector13.o)
                0x000000009d01f3a0                __vector_dispatch_13
                0x0000000000000001                ASSERT (((_vector_spacing == 0x0) || (SIZEOF (.vector_13) <= (_vector_spacing << 0x5))), function at exception vector 13 too large)

.vector_14      0x000000009d01f3c0        0x8
 *(.vector_14)
 .vector_14     0x000000009d01f3c0        0x8 c:/program files/microchip/xc32/v4.10/bin/bin/../../lib/gcc/pic32mx/8.3.1/../../../../pic32mx/lib\libpic32.a(vector14.o)
                0x000000009d01f3c0                __vector_dispatch_14
                0x0000000000000001                ASSERT (((_vector_spacing == 0x0) || (SIZEOF (.vector_14) <= (_vector_spacing << 0x5))), function at exception vector 14 too large)

.vector_15      0x000000009d01f3e0        0x8
 *(.vector_15)
 .vector_15     0x000000009d01f3e0        0x8 c:/program files/microchip/xc32/v4.10/bin/bin/../../lib/gcc/pic32mx/8.3.1/../../../../pic32mx/lib\libpic32.a(vector15.o)
                0x000000009d01f3e0                __vector_dispatch_15
                0x0000000000000001                ASSERT (((_vector_spacing == 0x0) || (SIZEOF (.vector_15) <= (_vector_spacing << 0x5))), function at exception vector 15 too large)

.vector_16      0x000000009d01f400        0x8
 *(.vector_16)
 .vector_16     0x000000009d01f400        0x8 c:/program files/microchip/xc32/v4.10/bin/bin/../../lib/gcc/pic32mx/8.3.1/../../../../pic32mx/lib\libpic32.a(vector16.o)
                0x000000009d01f400                __vector_dispatch_16
                0x0000000000000001                ASSERT (((_vector_spacing == 0x0) || (SIZEOF (.vector_16) <= (_vector_spacing << 0x5))), function at exception vector 16 too large)

.vector_17      0x000000009d01f420        0x8
 *(.vector_17)
 .vector_17     0x000000009d01f420        0x8 c:/program files/microchip/xc32/v4.10/bin/bin/../../lib/gcc/pic32mx/8.3.1/../../../../pic32mx/lib\libpic32.a(vector17.o)
                0x000000009d01f420                __vector_dispatch_17
                0x0000000000000001                ASSERT (((_vector_spacing == 0x0) || (SIZEOF (.vector_17) <= (_vector_spacing << 0x5))), function at exception vector 17 too large)

.vector_18      0x000000009d01f440        0x8
 *(.vector_18)
 .vector_18     0x000000009d01f440        0x8 c:/program files/microchip/xc32/v4.10/bin/bin/../../lib/gcc/pic32mx/8.3.1/../../../../pic32mx/lib\libpic32.a(vector18.o)
                0x000000009d01f440                __vector_dispatch_18
                0x0000000000000001                ASSERT (((_vector_spacing == 0x0) || (SIZEOF (.vector_18) <= (_vector_spacing << 0x5))), function at exception vector 18 too large)

.vector_19      0x000000009d01f460        0x8
 *(.vector_19)
 .vector_19     0x000000009d01f460        0x8 c:/program files/microchip/xc32/v4.10/bin/bin/../../lib/gcc/pic32mx/8.3.1/../../../../pic32mx/lib\libpic32.a(vector19.o)
                0x000000009d01f460                __vector_dispatch_19
                0x0000000000000001                ASSERT (((_vector_spacing == 0x0) || (SIZEOF (.vector_19) <= (_vector_spacing << 0x5))), function at exception vector 19 too large)

.vector_20      0x000000009d01f480        0x8
 *(.vector_20)
 .vector_20     0x000000009d01f480        0x8 c:/program files/microchip/xc32/v4.10/bin/bin/../../lib/gcc/pic32mx/8.3.1/../../../../pic32mx/lib\libpic32.a(vector20.o)
                0x000000009d01f480                __vector_dispatch_20
                0x0000000000000001                ASSERT (((_vector_spacing == 0x0) || (SIZEOF (.vector_20) <= (_vector_spacing << 0x5))), function at exception vector 20 too large)

.vector_21      0x000000009d01f4a0        0x8
 *(.vector_21)
 .vector_21     0x000000009d01f4a0        0x8 c:/program files/microchip/xc32/v4.10/bin/bin/../../lib/gcc/pic32mx/8.3.1/../../../../pic32mx/lib\libpic32.a(vector21.o)
                0x000000009d01f4a0                __vector_dispatch_21
                0x0000000000000001                ASSERT (((_vector_spacing == 0x0) || (SIZEOF (.vector_21) <= (_vector_spacing << 0x5))), function at exception vector 21 too large)

.vector_22      0x000000009d01f4c0        0x8
 *(.vector_22)
 .vector_22     0x000000009d01f4c0        0x8 c:/program files/microchip/xc32/v4.10/bin/bin/../../lib/gcc/pic32mx/8.3.1/../../../../pic32mx/lib\libpic32.a(vector22.o)
                0x000000009d01f4c0                __vector_dispatch_22
                0x0000000000000001                ASSERT (((_vector_spacing == 0x0) || (SIZEOF (.vector_22) <= (_vector_spacing << 0x5))), function at exception vector 22 too large)

.vector_23      0x000000009d01f4e0        0x8
 *(.vector_23)
 .vector_23     0x000000009d01f4e0        0x8 c:/program files/microchip/xc32/v4.10/bin/bin/../../lib/gcc/pic32mx/8.3.1/../../../../pic32mx/lib\libpic32.a(vector23.o)
                0x000000009d01f4e0                __vector_dispatch_23
                0x0000000000000001                ASSERT (((_vector_spacing == 0x0) || (SIZEOF (.vector_23) <= (_vector_spacing << 0x5))), function at exception vector 23 too large)

.vector_24      0x000000009d01f500        0x8
 *(.vector_24)
 .vector_24     0x000000009d01f500        0x8 c:/program files/microchip/xc32/v4.10/bin/bin/../../lib/gcc/pic32mx/8.3.1/../../../../pic32mx/lib\libpic32.a(vector24.o)
                0x000000009d01f500                __vector_dispatch_24
                0x0000000000000001                ASSERT (((_vector_spacing == 0x0) || (SIZEOF (.vector_24) <= (_vector_spacing << 0x5))), function at exception vector 24 too large)

.vector_25      0x000000009d01f520        0x8
 *(.vector_25)
 .vector_25     0x000000009d01f520        0x8 c:/program files/microchip/xc32/v4.10/bin/bin/../../lib/gcc/pic32mx/8.3.1/../../../../pic32mx/lib\libpic32.a(vector25.o)
                0x000000009d01f520                __vector_dispatch_25
                0x0000000000000001                ASSERT (((_vector_spacing == 0x0) || (SIZEOF (.vector_25) <= (_vector_spacing << 0x5))), function at exception vector 25 too large)

.vector_26      0x000000009d01f540        0x8
 *(.vector_26)
 .vector_26     0x000000009d01f540        0x8 c:/program files/microchip/xc32/v4.10/bin/bin/../../lib/gcc/pic32mx/8.3.1/../../../../pic32mx/lib\libpic32.a(vector26.o)
                0x000000009d01f540                __vector_dispatch_26
                0x0000000000000001                ASSERT (((_vector_spacing == 0x0) || (SIZEOF (.vector_26) <= (_vector_spacing << 0x5))), function at exception vector 26 too large)

.vector_27      0x000000009d01f560        0x8
 *(.vector_27)
 .vector_27     0x000000009d01f560        0x8 c:/program files/microchip/xc32/v4.10/bin/bin/../../lib/gcc/pic32mx/8.3.1/../../../../pic32mx/lib\libpic32.a(vector27.o)
                0x000000009d01f560                __vector_dispatch_27
                0x0000000000000001                ASSERT (((_vector_spacing == 0x0) || (SIZEOF (.vector_27) <= (_vector_spacing << 0x5))), function at exception vector 27 too large)

.vector_28      0x000000009d01f580        0x8
 *(.vector_28)
 .vector_28     0x000000009d01f580        0x8 c:/program files/microchip/xc32/v4.10/bin/bin/../../lib/gcc/pic32mx/8.3.1/../../../../pic32mx/lib\libpic32.a(vector28.o)
                0x000000009d01f580                __vector_dispatch_28
                0x0000000000000001                ASSERT (((_vector_spacing == 0x0) || (SIZEOF (.vector_28) <= (_vector_spacing << 0x5))), function at exception vector 28 too large)

.vector_29      0x000000009d01f5a0        0x8
 *(.vector_29)
 .vector_29     0x000000009d01f5a0        0x8 c:/program files/microchip/xc32/v4.10/bin/bin/../../lib/gcc/pic32mx/8.3.1/../../../../pic32mx/lib\libpic32.a(vector29.o)
                0x000000009d01f5a0                __vector_dispatch_29
                0x0000000000000001                ASSERT (((_vector_spacing == 0x0) || (SIZEOF (.vector_29) <= (_vector_spacing << 0x5))), function at exception vector 29 too large)

.vector_30      0x000000009d01f5c0        0x8
 *(.vector_30)
 .vector_30     0x000000009d01f5c0        0x8 c:/program files/microchip/xc32/v4.10/bin/bin/../../lib/gcc/pic32mx/8.3.1/../../../../pic32mx/lib\libpic32.a(vector30.o)
                0x000000009d01f5c0                __vector_dispatch_30
                0x0000000000000001                ASSERT (((_vector_spacing == 0x0) || (SIZEOF (.vector_30) <= (_vector_spacing << 0x5))), function at exception vector 30 too large)

.vector_31      0x000000009d01f5e0        0x8
 *(.vector_31)
 .vector_31     0x000000009d01f5e0        0x8 c:/program files/microchip/xc32/v4.10/bin/bin/../../lib/gcc/pic32mx/8.3.1/../../../../pic32mx/lib\libpic32.a(vector31.o)
                0x000000009d01f5e0                __vector_dispatch_31
                0x0000000000000001                ASSERT (((_vector_spacing == 0x0) || (SIZEOF (.vector_31) <= (_vector_spacing << 0x5))), function at exception vector 31 too large)

.vector_32      0x000000009d01f600       0x10
 *(.vector_32)
 .vector_32     0x000000009d01f600       0x10 build/default/debug/_ext/1171490990/interrupts_a.o
                0x000000009d01f600                __vector_dispatch_32
                0x0000000000000001                ASSERT (((_vector_spacing == 0x0) || (SIZEOF (.vector_32) <= (_vector_spacing << 0x5))), function at exception vector 32 too large)

.vector_33      0x000000009d01f620        0x8
 *(.vector_33)
 .vector_33     0x000000009d01f620        0x8 c:/program files/microchip/xc32/v4.10/bin/bin/../../lib/gcc/pic32mx/8.3.1/../../../../pic32mx/lib\libpic32.a(vector33.o)
                0x000000009d01f620                __vector_dispatch_33
                0x0000000000000001                ASSERT (((_vector_spacing == 0x0) || (SIZEOF (.vector_33) <= (_vector_spacing << 0x5))), function at exception vector 33 too large)

.vector_34      0x000000009d01f640        0x8
 *(.vector_34)
 .vector_34     0x000000009d01f640        0x8 c:/program files/microchip/xc32/v4.10/bin/bin/../../lib/gcc/pic32mx/8.3.1/../../../../pic32mx/lib\libpic32.a(vector34.o)
                0x000000009d01f640                __vector_dispatch_34
                0x0000000000000001                ASSERT (((_vector_spacing == 0x0) || (SIZEOF (.vector_34) <= (_vector_spacing << 0x5))), function at exception vector 34 too large)

.vector_35      0x000000009d01f660        0x8
 *(.vector_35)
 .vector_35     0x000000009d01f660        0x8 c:/program files/microchip/xc32/v4.10/bin/bin/../../lib/gcc/pic32mx/8.3.1/../../../../pic32mx/lib\libpic32.a(vector35.o)
                0x000000009d01f660                __vector_dispatch_35
                0x0000000000000001                ASSERT (((_vector_spacing == 0x0) || (SIZEOF (.vector_35) <= (_vector_spacing << 0x5))), function at exception vector 35 too large)

.vector_36      0x000000009d01f680        0x8
 *(.vector_36)
 .vector_36     0x000000009d01f680        0x8 c:/program files/microchip/xc32/v4.10/bin/bin/../../lib/gcc/pic32mx/8.3.1/../../../../pic32mx/lib\libpic32.a(vector36.o)
                0x000000009d01f680                __vector_dispatch_36
                0x0000000000000001                ASSERT (((_vector_spacing == 0x0) || (SIZEOF (.vector_36) <= (_vector_spacing << 0x5))), function at exception vector 36 too large)

.vector_37      0x000000009d01f6a0        0x8
 *(.vector_37)
 .vector_37     0x000000009d01f6a0        0x8 c:/program files/microchip/xc32/v4.10/bin/bin/../../lib/gcc/pic32mx/8.3.1/../../../../pic32mx/lib\libpic32.a(vector37.o)
                0x000000009d01f6a0                __vector_dispatch_37
                0x0000000000000001                ASSERT (((_vector_spacing == 0x0) || (SIZEOF (.vector_37) <= (_vector_spacing << 0x5))), function at exception vector 37 too large)

.vector_38      0x000000009d01f6c0        0x8
 *(.vector_38)
 .vector_38     0x000000009d01f6c0        0x8 c:/program files/microchip/xc32/v4.10/bin/bin/../../lib/gcc/pic32mx/8.3.1/../../../../pic32mx/lib\libpic32.a(vector38.o)
                0x000000009d01f6c0                __vector_dispatch_38
                0x0000000000000001                ASSERT (((_vector_spacing == 0x0) || (SIZEOF (.vector_38) <= (_vector_spacing << 0x5))), function at exception vector 38 too large)

.vector_39      0x000000009d01f6e0        0x8
 *(.vector_39)
 .vector_39     0x000000009d01f6e0        0x8 c:/program files/microchip/xc32/v4.10/bin/bin/../../lib/gcc/pic32mx/8.3.1/../../../../pic32mx/lib\libpic32.a(vector39.o)
                0x000000009d01f6e0                __vector_dispatch_39
                0x0000000000000001                ASSERT (((_vector_spacing == 0x0) || (SIZEOF (.vector_39) <= (_vector_spacing << 0x5))), function at exception vector 39 too large)

.vector_40      0x000000009d01f700        0x8
 *(.vector_40)
 .vector_40     0x000000009d01f700        0x8 c:/program files/microchip/xc32/v4.10/bin/bin/../../lib/gcc/pic32mx/8.3.1/../../../../pic32mx/lib\libpic32.a(vector40.o)
                0x000000009d01f700                __vector_dispatch_40
                0x0000000000000001                ASSERT (((_vector_spacing == 0x0) || (SIZEOF (.vector_40) <= (_vector_spacing << 0x5))), function at exception vector 40 too large)

.vector_41      0x000000009d01f720        0x8
 *(.vector_41)
 .vector_41     0x000000009d01f720        0x8 c:/program files/microchip/xc32/v4.10/bin/bin/../../lib/gcc/pic32mx/8.3.1/../../../../pic32mx/lib\libpic32.a(vector41.o)
                0x000000009d01f720                __vector_dispatch_41
                0x0000000000000001                ASSERT (((_vector_spacing == 0x0) || (SIZEOF (.vector_41) <= (_vector_spacing << 0x5))), function at exception vector 41 too large)

.vector_42      0x000000009d01f740        0x8
 *(.vector_42)
 .vector_42     0x000000009d01f740        0x8 c:/program files/microchip/xc32/v4.10/bin/bin/../../lib/gcc/pic32mx/8.3.1/../../../../pic32mx/lib\libpic32.a(vector42.o)
                0x000000009d01f740                __vector_dispatch_42
                0x0000000000000001                ASSERT (((_vector_spacing == 0x0) || (SIZEOF (.vector_42) <= (_vector_spacing << 0x5))), function at exception vector 42 too large)

.vector_43      0x000000009d01f760        0x8
 *(.vector_43)
 .vector_43     0x000000009d01f760        0x8 c:/program files/microchip/xc32/v4.10/bin/bin/../../lib/gcc/pic32mx/8.3.1/../../../../pic32mx/lib\libpic32.a(vector43.o)
                0x000000009d01f760                __vector_dispatch_43
                0x0000000000000001                ASSERT (((_vector_spacing == 0x0) || (SIZEOF (.vector_43) <= (_vector_spacing << 0x5))), function at exception vector 43 too large)

.vector_44      0x000000009d01f780        0x0
 *(.vector_44)
                0x0000000000000001                ASSERT (((_vector_spacing == 0x0) || (SIZEOF (.vector_44) <= (_vector_spacing << 0x5))), function at exception vector 44 too large)

.vector_45      0x000000009d01f7a0        0x0
 *(.vector_45)
                0x0000000000000001                ASSERT (((_vector_spacing == 0x0) || (SIZEOF (.vector_45) <= (_vector_spacing << 0x5))), function at exception vector 45 too large)

.vector_46      0x000000009d01f7c0        0x0
 *(.vector_46)
                0x0000000000000001                ASSERT (((_vector_spacing == 0x0) || (SIZEOF (.vector_46) <= (_vector_spacing << 0x5))), function at exception vector 46 too large)

.vector_47      0x000000009d01f7e0        0x0
 *(.vector_47)
                0x0000000000000001                ASSERT (((_vector_spacing == 0x0) || (SIZEOF (.vector_47) <= (_vector_spacing << 0x5))), function at exception vector 47 too large)

.vector_48      0x000000009d01f800        0x0
 *(.vector_48)
                0x0000000000000001                ASSERT (((_vector_spacing == 0x0) || (SIZEOF (.vector_48) <= (_vector_spacing << 0x5))), function at exception vector 48 too large)

.vector_49      0x000000009d01f820        0x0
 *(.vector_49)
                0x0000000000000001                ASSERT (((_vector_spacing == 0x0) || (SIZEOF (.vector_49) <= (_vector_spacing << 0x5))), function at exception vector 49 too large)

.vector_50      0x000000009d01f840        0x0
 *(.vector_50)
                0x0000000000000001                ASSERT (((_vector_spacing == 0x0) || (SIZEOF (.vector_50) <= (_vector_spacing << 0x5))), function at exception vector 50 too large)

.vector_51      0x000000009d01f860        0x0
 *(.vector_51)
                0x0000000000000001                ASSERT (((_vector_spacing == 0x0) || (SIZEOF (.vector_51) <= (_vector_spacing << 0x5))), function at exception vector 51 too large)

.vector_52      0x000000009d01f880        0x0
 *(.vector_52)
                0x0000000000000001                ASSERT (((_vector_spacing == 0x0) || (SIZEOF (.vector_52) <= (_vector_spacing << 0x5))), function at exception vector 52 too large)

.vector_53      0x000000009d01f8a0        0x0
 *(.vector_53)
                0x0000000000000001                ASSERT (((_vector_spacing == 0x0) || (SIZEOF (.vector_53) <= (_vector_spacing << 0x5))), function at exception vector 53 too large)

.vector_54      0x000000009d01f8c0        0x0
 *(.vector_54)
                0x0000000000000001                ASSERT (((_vector_spacing == 0x0) || (SIZEOF (.vector_54) <= (_vector_spacing << 0x5))), function at exception vector 54 too large)

.vector_55      0x000000009d01f8e0        0x0
 *(.vector_55)
                0x0000000000000001                ASSERT (((_vector_spacing == 0x0) || (SIZEOF (.vector_55) <= (_vector_spacing << 0x5))), function at exception vector 55 too large)

.vector_56      0x000000009d01f900        0x0
 *(.vector_56)
                0x0000000000000001                ASSERT (((_vector_spacing == 0x0) || (SIZEOF (.vector_56) <= (_vector_spacing << 0x5))), function at exception vector 56 too large)

.vector_57      0x000000009d01f920        0x0
 *(.vector_57)
                0x0000000000000001                ASSERT (((_vector_spacing == 0x0) || (SIZEOF (.vector_57) <= (_vector_spacing << 0x5))), function at exception vector 57 too large)

.vector_58      0x000000009d01f940        0x0
 *(.vector_58)
                0x0000000000000001                ASSERT (((_vector_spacing == 0x0) || (SIZEOF (.vector_58) <= (_vector_spacing << 0x5))), function at exception vector 58 too large)

.vector_59      0x000000009d01f960        0x0
 *(.vector_59)
                0x0000000000000001                ASSERT (((_vector_spacing == 0x0) || (SIZEOF (.vector_59) <= (_vector_spacing << 0x5))), function at exception vector 59 too large)

.vector_60      0x000000009d01f980        0x0
 *(.vector_60)
                0x0000000000000001                ASSERT (((_vector_spacing == 0x0) || (SIZEOF (.vector_60) <= (_vector_spacing << 0x5))), function at exception vector 60 too large)

.vector_61      0x000000009d01f9a0        0x0
 *(.vector_61)
                0x0000000000000001                ASSERT (((_vector_spacing == 0x0) || (SIZEOF (.vector_61) <= (_vector_spacing << 0x5))), function at exception vector 61 too large)

.vector_62      0x000000009d01f9c0        0x0
 *(.vector_62)
                0x0000000000000001                ASSERT (((_vector_spacing == 0x0) || (SIZEOF (.vector_62) <= (_vector_spacing << 0x5))), function at exception vector 62 too large)

.vector_63      0x000000009d01f9e0        0x0
 *(.vector_63)
                0x0000000000000001                ASSERT (((_vector_spacing == 0x0) || (SIZEOF (.vector_63) <= (_vector_spacing << 0x5))), function at exception vector 63 too large)

.startup
 *(.startup)

.text           0x000000009d000000        0x0
 *(.stub .gnu.linkonce.t.*)
 *(.text.*personality*)
 *(.mips16.fn.*)
 *(.mips16.call.*)
 *(.gnu.warning)
                0x000000009d000000                . = ALIGN (0x4)

.init           0x000000009d000000        0x0
 *crti.o(.init)
 *crtbegin.o(.init)
 *(EXCLUDE_FILE(*crtn.o *crtend?.o *crtend.o) .init)
 *crtend.o(.init)
 *crtn.o(.init)
                0x000000009d000000                . = ALIGN (0x4)

.fini           0x000000009d000000        0x0
 *(.fini)
                0x000000009d000000                . = ALIGN (0x4)

.preinit_array  0x000000009d000000        0x0
                [!provide]                        PROVIDE (__preinit_array_start = .)
 *(.preinit_array)
                [!provide]                        PROVIDE (__preinit_array_end = .)
                0x000000009d000000                . = ALIGN (0x4)

.init_array     0x000000009d000000        0x0
                [!provide]                        PROVIDE (__init_array_start = .)
 *(SORT_BY_NAME(.init_array.*))
 *(.init_array)
                [!provide]                        PROVIDE (__init_array_end = .)
                0x000000009d000000                . = ALIGN (0x4)

.fini_array     0x000000009d000000        0x0
                [!provide]                        PROVIDE (__fini_array_start = .)
 *(SORT_BY_NAME(.fini_array.*))
 *(.fini_array)
                [!provide]                        PROVIDE (__fini_array_end = .)
                0x000000009d000000                . = ALIGN (0x4)

.ctors          0x000000009d000000        0x0
 *crtbegin.o(.ctors)
 *crtbegin?.o(.ctors)
 *(EXCLUDE_FILE(*crtend?.o *crtend.o) .ctors)
 *(SORT_BY_NAME(.ctors.*))
 *(.ctors)
                0x000000009d000000                . = ALIGN (0x4)

.dtors          0x000000009d000000        0x0
 *crtbegin.o(.dtors)
 *crtbegin?.o(.dtors)
 *(EXCLUDE_FILE(*crtend?.o *crtend.o) .dtors)
 *(SORT_BY_NAME(.dtors.*))
 *(.dtors)
                0x000000009d000000                . = ALIGN (0x4)

.rodata         0x000000009d000000        0x0
 *(.gnu.linkonce.r.*)
 *(.rodata1)
                0x000000009d000000                . = ALIGN (0x4)

.sdata2         0x000000009d000000        0x0
 *(.sdata2 .sdata2.* .gnu.linkonce.s2.*)
                0x000000009d000000                . = ALIGN (0x4)

.sbss2          0x000000009d000000        0x0
 *(.sbss2 .sbss2.* .gnu.linkonce.sb2.*)
                0x000000009d000000                . = ALIGN (0x4)

.eh_frame_hdr
 *(.eh_frame_hdr)
                0x000000009d000000                . = ALIGN (0x4)

.eh_frame
 *(.eh_frame)
                0x000000009d000000                . = ALIGN (0x4)

.gcc_except_table
 *(.gcc_except_table .gcc_except_table.*)
                0x000000009d000000                . = ALIGN (0x4)

.dbg_data       0x00000000a0000200        0x0
                0x00000000a0000200                . = (. + DEFINED (_DEBUGGER)?0x200:0x0)

.jcr            0x00000000a0000200        0x0
 *(.jcr)
                0x00000000a0000200                . = ALIGN (0x4)

.eh_frame
 *(.eh_frame)
                0x00000000a0000200                . = ALIGN (0x4)

.gcc_except_table
 *(.gcc_except_table .gcc_except_table.*)
                0x00000000a0000200                . = ALIGN (0x4)

.persist        0x00000000a0000200        0x0
                0x00000000a0000200                _persist_begin = .
 *(.persist .persist.*)
                0x00000000a0000200                . = ALIGN (0x4)
                0x00000000a0000200                _persist_end = .

.data           0x00000000a0000200        0x0
 *(.gnu.linkonce.d.*)
 *(.data1)
                0x00000000a0000200                . = ALIGN (0x4)
                0x00000000a0000200                . = .
                0x00000000a00081f0                _gp = (ALIGN (0x10) + 0x7ff0)

.got            0x00000000a0000200        0x0
 *(.got.plt)
 *(.got)
                0x00000000a0000200                . = ALIGN (0x4)

.sdata          0x00000000a0000200        0x4
                0x00000000a0000200                _sdata_begin = .
 *(.sdata .sdata.* .gnu.linkonce.s.*)
 .sdata         0x00000000a0000200        0x4 build/default/debug/_ext/951553248/port.o
                0x00000000a0000200                uxInterruptNesting
                0x00000000a0000204                . = ALIGN (0x4)
                0x00000000a0000204                _sdata_end = .

.lit8
 *(.lit8)

.lit4
 *(.lit4)
                0x00000000a0000204                . = ALIGN (0x4)
                0x00000000a0000204                _data_end = .
                0x00000000a0000204                _bss_begin = .

.sbss           0x00000000a0000204       0x5c
                0x00000000a0000204                _sbss_begin = .
 *(.dynsbss)
 *(.sbss .sbss.* .gnu.linkonce.sb.*)
 .sbss          0x00000000a0000204        0x8 build/default/debug/_ext/1665200909/heap_1.o
 .sbss          0x00000000a000020c        0x4 build/default/debug/_ext/951553248/port.o
                0x00000000a000020c                uxSavedTaskStackPointer
 .sbss          0x00000000a0000210       0x34 build/default/debug/_ext/404212886/FreeRTOS_tasks.o
                0x00000000a0000210                uxSchedulerSuspended
                0x00000000a0000214                xIdleTaskHandle
                0x00000000a0000218                xNextTaskUnblockTime
                0x00000000a000021c                uxTaskNumber
                0x00000000a0000220                xNumOfOverflows
                0x00000000a0000224                xYieldPending
                0x00000000a0000228                xPendedTicks
                0x00000000a000022c                xSchedulerRunning
                0x00000000a0000230                uxTopReadyPriority
                0x00000000a0000234                xTickCount
                0x00000000a0000238                uxCurrentNumberOfTasks
                0x00000000a000023c                uxDeletedTasksWaitingCleanUp
                0x00000000a0000240                pxCurrentTCB
 .sbss          0x00000000a0000244        0x1 build/default/debug/_ext/1360937237/enc28j60Task.o
                0x00000000a0000244                offset
 *fill*         0x00000000a0000245        0x1 
 .sbss          0x00000000a0000246        0x3 build/default/debug/_ext/1360937237/enc28j60Driver.o
                0x00000000a0000246                receivePtr
                0x00000000a0000248                enc28j60Bank
 *(.scommon)
 *fill*         0x00000000a0000249        0x3 
 .scommon       0x00000000a000024c        0x8 build/default/debug/_ext/404212886/FreeRTOS_tasks.o
                0x00000000a000024c                pxDelayedTaskList
                0x00000000a0000250                pxOverflowDelayedTaskList
 .scommon       0x00000000a0000254        0x4 build/default/debug/_ext/1360937237/enc28j60Task.o
                0x00000000a0000254                xSpiMutex
 .scommon       0x00000000a0000258        0x4 build/default/debug/_ext/1360937237/blinky.o
                0x00000000a0000258                xUartMutex
 .scommon       0x00000000a000025c        0x2 build/default/debug/_ext/1360937237/enc28j60Driver.o
                0x00000000a000025c                nextPacketPointer
                0x00000000a000025e                _sbss_end = .
                0x00000000a0000260                . = ALIGN (0x4)
 *fill*         0x00000000a000025e        0x2 

.bss            0x00000000a0000260      0x170
 *(.dynbss)
 *(COMMON)
 COMMON         0x00000000a0000260       0x44 build/default/debug/_ext/1865657120/plib_uart1.o
                0x00000000a0000260                uart1Obj
 COMMON         0x00000000a00002a4       0xc8 build/default/debug/_ext/404212886/FreeRTOS_tasks.o
                0x00000000a00002a4                pxReadyTasksLists
                0x00000000a0000308                xPendingReadyList
                0x00000000a000031c                xSuspendedTaskList
                0x00000000a0000330                xDelayedTaskList1
                0x00000000a0000344                xTasksWaitingTermination
                0x00000000a0000358                xDelayedTaskList2
 COMMON         0x00000000a000036c       0x64 build/default/debug/_ext/1360937237/enc28j60Task.o
                0x00000000a000036c                buffer
                0x00000000a00003d0                . = ALIGN ((. != 0x0)?0x4:0x1)
                0x00000000a00003d0                . = ALIGN (0x4)
                0x00000000a00003d0                _end = .
                0x00000000a00003d0                _bss_end = .
                0x0000000000008000                _bmxdudba_address = LENGTH (kseg1_data_mem)
                0x0000000000008000                _bmxdupba_address = LENGTH (kseg1_data_mem)

/DISCARD/
 *(.pdr)
 *(.rel.dyn)
 *(.note.GNU-stack)
 *(.note.GNU-stack)
 *(.gnu_debuglink)
 *(.gnu.lto_*)
 *(.discard)

.gptab.sdata
 *(.gptab.data)
 *(.gptab.sdata)

.gptab.sbss
 *(.gptab.bss)
 *(.gptab.sbss)

.mdebug.abi32   0x0000000000000000        0x0
 *(.mdebug.abi32)
 .mdebug.abi32  0x0000000000000000        0x0 c:/program files/microchip/xc32/v4.10/bin/bin/../../lib/gcc/pic32mx/8.3.1/../../../../pic32mx/lib\software-debug-break.o
 .mdebug.abi32  0x0000000000000000        0x0 build/default/debug/_ext/60165520/plib_clk.o
 .mdebug.abi32  0x0000000000000000        0x0 build/default/debug/_ext/1865200349/plib_evic.o
 .mdebug.abi32  0x0000000000000000        0x0 build/default/debug/_ext/1865254177/plib_gpio.o
 .mdebug.abi32  0x0000000000000000        0x0 build/default/debug/_ext/298189674/plib_spi2_master.o
 .mdebug.abi32  0x0000000000000000        0x0 build/default/debug/_ext/1865657120/plib_uart1.o
 .mdebug.abi32  0x0000000000000000        0x0 build/default/debug/_ext/163028504/xc32_monitor.o
 .mdebug.abi32  0x0000000000000000        0x0 build/default/debug/_ext/1171490990/initialization.o
 .mdebug.abi32  0x0000000000000000        0x0 build/default/debug/_ext/1171490990/interrupts.o
 .mdebug.abi32  0x0000000000000000        0x0 build/default/debug/_ext/1171490990/exceptions.o
 .mdebug.abi32  0x0000000000000000        0x0 build/default/debug/_ext/1171490990/freertos_hooks.o
 .mdebug.abi32  0x0000000000000000        0x0 build/default/debug/_ext/1665200909/heap_1.o
 .mdebug.abi32  0x0000000000000000        0x0 build/default/debug/_ext/951553248/port.o
 .mdebug.abi32  0x0000000000000000        0x0 build/default/debug/_ext/404212886/croutine.o
 .mdebug.abi32  0x0000000000000000        0x0 build/default/debug/_ext/404212886/list.o
 .mdebug.abi32  0x0000000000000000        0x0 build/default/debug/_ext/404212886/queue.o
 .mdebug.abi32  0x0000000000000000        0x0 build/default/debug/_ext/404212886/FreeRTOS_tasks.o
 .mdebug.abi32  0x0000000000000000        0x0 build/default/debug/_ext/404212886/timers.o
 .mdebug.abi32  0x0000000000000000        0x0 build/default/debug/_ext/404212886/event_groups.o
 .mdebug.abi32  0x0000000000000000        0x0 build/default/debug/_ext/404212886/stream_buffer.o
 .mdebug.abi32  0x0000000000000000        0x0 build/default/debug/_ext/1360937237/main.o
 .mdebug.abi32  0x0000000000000000        0x0 build/default/debug/_ext/1360937237/enc28j60Task.o
 .mdebug.abi32  0x0000000000000000        0x0 build/default/debug/_ext/1360937237/blinky.o
 .mdebug.abi32  0x0000000000000000        0x0 build/default/debug/_ext/1360937237/enc28j60Driver.o
 .mdebug.abi32  0x0000000000000000        0x0 c:/program files/microchip/xc32/v4.10/bin/bin/../../lib/gcc/pic32mx/8.3.1/../../../../pic32mx/lib\libpic32.a(default-on-reset.o)
 .mdebug.abi32  0x0000000000000000        0x0 c:/program files/microchip/xc32/v4.10/bin/bin/../../lib/gcc/pic32mx/8.3.1/../../../../pic32mx/lib\libpic32.a(default-on-bootstrap.o)
 .mdebug.abi32  0x0000000000000000        0x0 c:/program files/microchip/xc32/v4.10/bin/bin/../../lib/gcc/pic32mx/8.3.1/../../../../pic32mx/lib\libpic32.a(defaultinterrupt.o)
 .mdebug.abi32  0x0000000000000000        0x0 c:/program files/microchip/xc32/v4.10/bin/bin/../../lib/gcc/pic32mx/8.3.1/../../../../pic32mx/lib\libc-musl.a(__sio_sprintf_doux.o)
 .mdebug.abi32  0x0000000000000000        0x0 c:/program files/microchip/xc32/v4.10/bin/bin/../../lib/gcc/pic32mx/8.3.1/../../../../pic32mx/lib\libc-musl.a(__fmt_d.o)
 .mdebug.abi32  0x0000000000000000        0x0 c:/program files/microchip/xc32/v4.10/bin/bin/../../lib/gcc/pic32mx/8.3.1/../../../../pic32mx/lib\libc-musl.a(__fmt_o.o)
 .mdebug.abi32  0x0000000000000000        0x0 c:/program files/microchip/xc32/v4.10/bin/bin/../../lib/gcc/pic32mx/8.3.1/../../../../pic32mx/lib\libc-musl.a(__fmt_s.o)
 .mdebug.abi32  0x0000000000000000        0x0 c:/program files/microchip/xc32/v4.10/bin/bin/../../lib/gcc/pic32mx/8.3.1/../../../../pic32mx/lib\libc-musl.a(__fmt_u.o)
 .mdebug.abi32  0x0000000000000000        0x0 c:/program files/microchip/xc32/v4.10/bin/bin/../../lib/gcc/pic32mx/8.3.1/../../../../pic32mx/lib\libc-musl.a(__fmt_x.o)
 .mdebug.abi32  0x0000000000000000        0x0 c:/program files/microchip/xc32/v4.10/bin/bin/../../lib/gcc/pic32mx/8.3.1/../../../../pic32mx/lib\libc-musl.a(__printf_core.o)
 .mdebug.abi32  0x0000000000000000        0x0 c:/program files/microchip/xc32/v4.10/bin/bin/../../lib/gcc/pic32mx/8.3.1/../../../../pic32mx/lib\libc-musl.a(atoi.o)
 .mdebug.abi32  0x0000000000000000        0x0 c:/program files/microchip/xc32/v4.10/bin/bin/../../lib/gcc/pic32mx/8.3.1/../../../../pic32mx/lib\libc-musl.a(tolower.o)
 .mdebug.abi32  0x0000000000000000        0x0 c:/program files/microchip/xc32/v4.10/bin/bin/../../lib/gcc/pic32mx/8.3.1/../../../../pic32mx/lib\libc-musl.a(toupper.o)
 .mdebug.abi32  0x0000000000000000        0x0 c:/program files/microchip/xc32/v4.10/bin/bin/../../lib/gcc/pic32mx/8.3.1/../../../../pic32mx/lib\libc-musl.a(__int_vsprintf.o)
 .mdebug.abi32  0x0000000000000000        0x0 c:/program files/microchip/xc32/v4.10/bin/bin/../../lib/gcc/pic32mx/8.3.1/../../../../pic32mx/lib\libc-musl.a(__pop_float.o)
 .mdebug.abi32  0x0000000000000000        0x0 c:/program files/microchip/xc32/v4.10/bin/bin/../../lib/gcc/pic32mx/8.3.1/../../../../pic32mx/lib\libc-musl.a(__pop_int.o)
 .mdebug.abi32  0x0000000000000000        0x0 c:/program files/microchip/xc32/v4.10/bin/bin/../../lib/gcc/pic32mx/8.3.1/../../../../pic32mx/lib\libc-musl.a(__pop_ptr.o)
 .mdebug.abi32  0x0000000000000000        0x0 c:/program files/microchip/xc32/v4.10/bin/bin/../../lib/gcc/pic32mx/8.3.1/../../../../pic32mx/lib\libc-musl.a(__int_vsnprintf.o)
 .mdebug.abi32  0x0000000000000000        0x0 c:/program files/microchip/xc32/v4.10/bin/bin/../../lib/gcc/pic32mx/8.3.1/../../../../pic32mx/lib\libc-musl.a(__int_vfprintf.o)
 .mdebug.abi32  0x0000000000000000        0x0 c:/program files/microchip/xc32/v4.10/bin/bin/../../lib/gcc/pic32mx/8.3.1\libgcc.a(_udivdi3.o)
 .mdebug.abi32  0x0000000000000000        0x0 c:/program files/microchip/xc32/v4.10/bin/bin/../../lib/gcc/pic32mx/8.3.1\libgcc.a(_umoddi3.o)
 .mdebug.abi32  0x0000000000000000        0x0 c:/program files/microchip/xc32/v4.10/bin/bin/../../lib/gcc/pic32mx/8.3.1/../../../../pic32mx/lib\libpic32.a(errno.o)

.mdebug.abiN32
 *(.mdebug.abiN32)

.mdebug.abi64
 *(.mdebug.abi64)

.mdebug.abiO64
 *(.mdebug.abiO64)

.mdebug.eabi32
 *(.mdebug.eabi32)

.mdebug.eabi64
 *(.mdebug.eabi64)

.gcc_compiled_long32
 *(.gcc_compiled_long32)

.gcc_compiled_long64
 *(.gcc_compiled_long64)

.stab
 *(.stab)

.stabstr
 *(.stabstr)

.stab.excl
 *(.stab.excl)

.stab.exclstr
 *(.stab.exclstr)

.stab.index
 *(.stab.index)

.stab.indexstr
 *(.stab.indexstr)

.comment        0x0000000000000000       0x5c
 *(.comment)
 .comment       0x0000000000000000       0x2b c:/program files/microchip/xc32/v4.10/bin/bin/../../lib/gcc/pic32mx/8.3.1/../../../../pic32mx/lib\software-debug-break.o
                                         0x2c (size before relaxing)
 .comment       0x000000000000002b       0x2c build/default/debug/_ext/60165520/plib_clk.o
 .comment       0x000000000000002b       0x2c build/default/debug/_ext/1865200349/plib_evic.o
 .comment       0x000000000000002b       0x2c build/default/debug/_ext/1865254177/plib_gpio.o
 .comment       0x000000000000002b       0x2c build/default/debug/_ext/298189674/plib_spi2_master.o
 .comment       0x000000000000002b       0x2c build/default/debug/_ext/1865657120/plib_uart1.o
 .comment       0x000000000000002b       0x2c build/default/debug/_ext/163028504/xc32_monitor.o
 .comment       0x000000000000002b       0x2c build/default/debug/_ext/1171490990/initialization.o
 .comment       0x000000000000002b       0x2c build/default/debug/_ext/1171490990/interrupts.o
 .comment       0x000000000000002b       0x2c build/default/debug/_ext/1171490990/exceptions.o
 .comment       0x000000000000002b       0x2c build/default/debug/_ext/1171490990/freertos_hooks.o
 .comment       0x000000000000002b       0x2c build/default/debug/_ext/1665200909/heap_1.o
 .comment       0x000000000000002b       0x2c build/default/debug/_ext/951553248/port.o
 .comment       0x000000000000002b       0x2c build/default/debug/_ext/404212886/croutine.o
 .comment       0x000000000000002b       0x2c build/default/debug/_ext/404212886/list.o
 .comment       0x000000000000002b       0x2c build/default/debug/_ext/404212886/queue.o
 .comment       0x000000000000002b       0x2c build/default/debug/_ext/404212886/FreeRTOS_tasks.o
 .comment       0x000000000000002b       0x2c build/default/debug/_ext/404212886/timers.o
 .comment       0x000000000000002b       0x2c build/default/debug/_ext/404212886/event_groups.o
 .comment       0x000000000000002b       0x2c build/default/debug/_ext/404212886/stream_buffer.o
 .comment       0x000000000000002b       0x2c build/default/debug/_ext/1360937237/main.o
 .comment       0x000000000000002b       0x2c build/default/debug/_ext/1360937237/enc28j60Task.o
 .comment       0x000000000000002b       0x2c build/default/debug/_ext/1360937237/blinky.o
 .comment       0x000000000000002b       0x2c build/default/debug/_ext/1360937237/enc28j60Driver.o
 .comment       0x000000000000002b       0x18 c:/program files/microchip/xc32/v4.10/bin/bin/../../lib/gcc/pic32mx/8.3.1/../../../../pic32mx/lib\libpic32.a(memset.o)
                                         0x19 (size before relaxing)
 .comment       0x0000000000000043       0x19 c:/program files/microchip/xc32/v4.10/bin/bin/../../lib/gcc/pic32mx/8.3.1/../../../../pic32mx/lib\libpic32.a(strlen.o)
                                         0x1a (size before relaxing)
 .comment       0x000000000000005c       0x2c c:/program files/microchip/xc32/v4.10/bin/bin/../../lib/gcc/pic32mx/8.3.1/../../../../pic32mx/lib\libpic32.a(default-on-reset.o)
 .comment       0x000000000000005c       0x2c c:/program files/microchip/xc32/v4.10/bin/bin/../../lib/gcc/pic32mx/8.3.1/../../../../pic32mx/lib\libpic32.a(default-on-bootstrap.o)
 .comment       0x000000000000005c       0x2c c:/program files/microchip/xc32/v4.10/bin/bin/../../lib/gcc/pic32mx/8.3.1/../../../../pic32mx/lib\libpic32.a(defaultinterrupt.o)
 .comment       0x000000000000005c       0x2c c:/program files/microchip/xc32/v4.10/bin/bin/../../lib/gcc/pic32mx/8.3.1/../../../../pic32mx/lib\libc-musl.a(__sio_sprintf_doux.o)
 .comment       0x000000000000005c       0x2c c:/program files/microchip/xc32/v4.10/bin/bin/../../lib/gcc/pic32mx/8.3.1/../../../../pic32mx/lib\libc-musl.a(__fmt_d.o)
 .comment       0x000000000000005c       0x2c c:/program files/microchip/xc32/v4.10/bin/bin/../../lib/gcc/pic32mx/8.3.1/../../../../pic32mx/lib\libc-musl.a(__fmt_o.o)
 .comment       0x000000000000005c       0x2c c:/program files/microchip/xc32/v4.10/bin/bin/../../lib/gcc/pic32mx/8.3.1/../../../../pic32mx/lib\libc-musl.a(__fmt_s.o)
 .comment       0x000000000000005c       0x2c c:/program files/microchip/xc32/v4.10/bin/bin/../../lib/gcc/pic32mx/8.3.1/../../../../pic32mx/lib\libc-musl.a(__fmt_u.o)
 .comment       0x000000000000005c       0x2c c:/program files/microchip/xc32/v4.10/bin/bin/../../lib/gcc/pic32mx/8.3.1/../../../../pic32mx/lib\libc-musl.a(__fmt_x.o)
 .comment       0x000000000000005c       0x2c c:/program files/microchip/xc32/v4.10/bin/bin/../../lib/gcc/pic32mx/8.3.1/../../../../pic32mx/lib\libc-musl.a(__printf_core.o)
 .comment       0x000000000000005c       0x2c c:/program files/microchip/xc32/v4.10/bin/bin/../../lib/gcc/pic32mx/8.3.1/../../../../pic32mx/lib\libc-musl.a(atoi.o)
 .comment       0x000000000000005c       0x2c c:/program files/microchip/xc32/v4.10/bin/bin/../../lib/gcc/pic32mx/8.3.1/../../../../pic32mx/lib\libc-musl.a(tolower.o)
 .comment       0x000000000000005c       0x2c c:/program files/microchip/xc32/v4.10/bin/bin/../../lib/gcc/pic32mx/8.3.1/../../../../pic32mx/lib\libc-musl.a(toupper.o)
 .comment       0x000000000000005c       0x2c c:/program files/microchip/xc32/v4.10/bin/bin/../../lib/gcc/pic32mx/8.3.1/../../../../pic32mx/lib\libc-musl.a(__int_vsprintf.o)
 .comment       0x000000000000005c       0x2c c:/program files/microchip/xc32/v4.10/bin/bin/../../lib/gcc/pic32mx/8.3.1/../../../../pic32mx/lib\libc-musl.a(__pop_float.o)
 .comment       0x000000000000005c       0x2c c:/program files/microchip/xc32/v4.10/bin/bin/../../lib/gcc/pic32mx/8.3.1/../../../../pic32mx/lib\libc-musl.a(__pop_int.o)
 .comment       0x000000000000005c       0x2c c:/program files/microchip/xc32/v4.10/bin/bin/../../lib/gcc/pic32mx/8.3.1/../../../../pic32mx/lib\libc-musl.a(__pop_ptr.o)
 .comment       0x000000000000005c       0x2c c:/program files/microchip/xc32/v4.10/bin/bin/../../lib/gcc/pic32mx/8.3.1/../../../../pic32mx/lib\libc-musl.a(__int_vsnprintf.o)
 .comment       0x000000000000005c       0x2c c:/program files/microchip/xc32/v4.10/bin/bin/../../lib/gcc/pic32mx/8.3.1/../../../../pic32mx/lib\libc-musl.a(__int_vfprintf.o)
 .comment       0x000000000000005c       0x2c c:/program files/microchip/xc32/v4.10/bin/bin/../../lib/gcc/pic32mx/8.3.1\libgcc.a(_udivdi3.o)
 .comment       0x000000000000005c       0x2c c:/program files/microchip/xc32/v4.10/bin/bin/../../lib/gcc/pic32mx/8.3.1\libgcc.a(_umoddi3.o)
 .comment       0x000000000000005c       0x2c c:/program files/microchip/xc32/v4.10/bin/bin/../../lib/gcc/pic32mx/8.3.1/../../../../pic32mx/lib\libpic32.a(errno.o)

.debug
 *.elf(.debug)
 *(.debug)

.line
 *.elf(.line)
 *(.line)

.debug_srcinfo
 *.elf(.debug_srcinfo)
 *(.debug_srcinfo)

.debug_sfnames
 *.elf(.debug_sfnames)
 *(.debug_sfnames)

.debug_aranges  0x0000000000000000      0xc20
 *.elf(.debug_aranges)
 *(.debug_aranges)
 .debug_aranges
                0x0000000000000000       0x20 c:/program files/microchip/xc32/v4.10/bin/bin/../../lib/gcc/pic32mx/8.3.1/../../../../pic32mx/lib\software-debug-break.o
 .debug_aranges
                0x0000000000000020       0x20 build/default/debug/_ext/60165520/plib_clk.o
 .debug_aranges
                0x0000000000000040       0x68 build/default/debug/_ext/1865200349/plib_evic.o
 .debug_aranges
                0x00000000000000a8       0x60 build/default/debug/_ext/1865254177/plib_gpio.o
 .debug_aranges
                0x0000000000000108       0x48 build/default/debug/_ext/298189674/plib_spi2_master.o
 .debug_aranges
                0x0000000000000150       0xc8 build/default/debug/_ext/1865657120/plib_uart1.o
 .debug_aranges
                0x0000000000000218       0x28 build/default/debug/_ext/163028504/xc32_monitor.o
 .debug_aranges
                0x0000000000000240       0x20 build/default/debug/_ext/1171490990/initialization.o
 .debug_aranges
                0x0000000000000260       0x20 build/default/debug/_ext/1171490990/interrupts.o
 .debug_aranges
                0x0000000000000280       0x28 build/default/debug/_ext/1171490990/interrupts_a.o
 .debug_aranges
                0x00000000000002a8       0x28 build/default/debug/_ext/1171490990/exceptions.o
 .debug_aranges
                0x00000000000002d0       0x40 build/default/debug/_ext/1171490990/freertos_hooks.o
 .debug_aranges
                0x0000000000000310       0x38 build/default/debug/_ext/1665200909/heap_1.o
 .debug_aranges
                0x0000000000000348       0x58 build/default/debug/_ext/951553248/port.o
 .debug_aranges
                0x00000000000003a0       0x20 build/default/debug/_ext/951553248/port_asm.o
 .debug_aranges
                0x00000000000003c0       0x18 build/default/debug/_ext/404212886/croutine.o
 .debug_aranges
                0x00000000000003d8       0x40 build/default/debug/_ext/404212886/list.o
 .debug_aranges
                0x0000000000000418       0xc8 build/default/debug/_ext/404212886/queue.o
 .debug_aranges
                0x00000000000004e0      0x1b8 build/default/debug/_ext/404212886/FreeRTOS_tasks.o
 .debug_aranges
                0x0000000000000698       0x18 build/default/debug/_ext/404212886/timers.o
 .debug_aranges
                0x00000000000006b0       0x60 build/default/debug/_ext/404212886/event_groups.o
 .debug_aranges
                0x0000000000000710       0xb8 build/default/debug/_ext/404212886/stream_buffer.o
 .debug_aranges
                0x00000000000007c8       0x20 build/default/debug/_ext/1360937237/main.o
 .debug_aranges
                0x00000000000007e8       0x20 build/default/debug/_ext/1360937237/enc28j60Task.o
 .debug_aranges
                0x0000000000000808       0x20 build/default/debug/_ext/1360937237/blinky.o
 .debug_aranges
                0x0000000000000828       0xc8 build/default/debug/_ext/1360937237/enc28j60Driver.o
 .debug_aranges
                0x00000000000008f0       0x40 C:\Users\kolel\AppData\Local\Temp\ccE7cNJH.o
 .debug_aranges
                0x0000000000000930       0x20 c:/program files/microchip/xc32/v4.10/bin/bin/../../lib/gcc/pic32mx/8.3.1/../../../../pic32mx/lib\libpic32.a(default-on-reset.o)
 .debug_aranges
                0x0000000000000950       0x20 c:/program files/microchip/xc32/v4.10/bin/bin/../../lib/gcc/pic32mx/8.3.1/../../../../pic32mx/lib\libpic32.a(default-on-bootstrap.o)
 .debug_aranges
                0x0000000000000970       0x20 c:/program files/microchip/xc32/v4.10/bin/bin/../../lib/gcc/pic32mx/8.3.1/../../../../pic32mx/lib\libpic32.a(defaultinterrupt.o)
 .debug_aranges
                0x0000000000000990       0x28 c:/program files/microchip/xc32/v4.10/bin/bin/../../lib/gcc/pic32mx/8.3.1/../../../../pic32mx/lib\libc-musl.a(__sio_sprintf_doux.o)
 .debug_aranges
                0x00000000000009b8       0x20 c:/program files/microchip/xc32/v4.10/bin/bin/../../lib/gcc/pic32mx/8.3.1/../../../../pic32mx/lib\libc-musl.a(__fmt_d.o)
 .debug_aranges
                0x00000000000009d8       0x20 c:/program files/microchip/xc32/v4.10/bin/bin/../../lib/gcc/pic32mx/8.3.1/../../../../pic32mx/lib\libc-musl.a(__fmt_o.o)
 .debug_aranges
                0x00000000000009f8       0x20 c:/program files/microchip/xc32/v4.10/bin/bin/../../lib/gcc/pic32mx/8.3.1/../../../../pic32mx/lib\libc-musl.a(__fmt_s.o)
 .debug_aranges
                0x0000000000000a18       0x28 c:/program files/microchip/xc32/v4.10/bin/bin/../../lib/gcc/pic32mx/8.3.1/../../../../pic32mx/lib\libc-musl.a(__fmt_u.o)
 .debug_aranges
                0x0000000000000a40       0x20 c:/program files/microchip/xc32/v4.10/bin/bin/../../lib/gcc/pic32mx/8.3.1/../../../../pic32mx/lib\libc-musl.a(__fmt_x.o)
 .debug_aranges
                0x0000000000000a60       0x50 c:/program files/microchip/xc32/v4.10/bin/bin/../../lib/gcc/pic32mx/8.3.1/../../../../pic32mx/lib\libc-musl.a(__printf_core.o)
 .debug_aranges
                0x0000000000000ab0       0x20 c:/program files/microchip/xc32/v4.10/bin/bin/../../lib/gcc/pic32mx/8.3.1/../../../../pic32mx/lib\libc-musl.a(atoi.o)
 .debug_aranges
                0x0000000000000ad0       0x28 c:/program files/microchip/xc32/v4.10/bin/bin/../../lib/gcc/pic32mx/8.3.1/../../../../pic32mx/lib\libc-musl.a(tolower.o)
 .debug_aranges
                0x0000000000000af8       0x28 c:/program files/microchip/xc32/v4.10/bin/bin/../../lib/gcc/pic32mx/8.3.1/../../../../pic32mx/lib\libc-musl.a(toupper.o)
 .debug_aranges
                0x0000000000000b20       0x20 c:/program files/microchip/xc32/v4.10/bin/bin/../../lib/gcc/pic32mx/8.3.1/../../../../pic32mx/lib\libc-musl.a(__int_vsprintf.o)
 .debug_aranges
                0x0000000000000b40       0x20 c:/program files/microchip/xc32/v4.10/bin/bin/../../lib/gcc/pic32mx/8.3.1/../../../../pic32mx/lib\libc-musl.a(__pop_float.o)
 .debug_aranges
                0x0000000000000b60       0x20 c:/program files/microchip/xc32/v4.10/bin/bin/../../lib/gcc/pic32mx/8.3.1/../../../../pic32mx/lib\libc-musl.a(__pop_int.o)
 .debug_aranges
                0x0000000000000b80       0x20 c:/program files/microchip/xc32/v4.10/bin/bin/../../lib/gcc/pic32mx/8.3.1/../../../../pic32mx/lib\libc-musl.a(__pop_ptr.o)
 .debug_aranges
                0x0000000000000ba0       0x20 c:/program files/microchip/xc32/v4.10/bin/bin/../../lib/gcc/pic32mx/8.3.1/../../../../pic32mx/lib\libc-musl.a(__int_vsnprintf.o)
 .debug_aranges
                0x0000000000000bc0       0x20 c:/program files/microchip/xc32/v4.10/bin/bin/../../lib/gcc/pic32mx/8.3.1/../../../../pic32mx/lib\libc-musl.a(__int_vfprintf.o)
 .debug_aranges
                0x0000000000000be0       0x20 c:/program files/microchip/xc32/v4.10/bin/bin/../../lib/gcc/pic32mx/8.3.1\libgcc.a(_udivdi3.o)
 .debug_aranges
                0x0000000000000c00       0x20 c:/program files/microchip/xc32/v4.10/bin/bin/../../lib/gcc/pic32mx/8.3.1\libgcc.a(_umoddi3.o)

.debug_pubnames
 *.elf(.debug_pubnames)
 *(.debug_pubnames)

.debug_info     0x0000000000000000     0xe8b1
 *.elf(.debug_info .gnu.linkonce.wi.*)
 *(.debug_info .gnu.linkonce.wi.*)
 .debug_info    0x0000000000000000       0x3f c:/program files/microchip/xc32/v4.10/bin/bin/../../lib/gcc/pic32mx/8.3.1/../../../../pic32mx/lib\software-debug-break.o
 .debug_info    0x000000000000003f      0x3ea build/default/debug/_ext/60165520/plib_clk.o
 .debug_info    0x0000000000000429      0x4cc build/default/debug/_ext/1865200349/plib_evic.o
 .debug_info    0x00000000000008f5      0x394 build/default/debug/_ext/1865254177/plib_gpio.o
 .debug_info    0x0000000000000c89      0x4cd build/default/debug/_ext/298189674/plib_spi2_master.o
 .debug_info    0x0000000000001156      0xe21 build/default/debug/_ext/1865657120/plib_uart1.o
 .debug_info    0x0000000000001f77       0xe9 build/default/debug/_ext/163028504/xc32_monitor.o
 .debug_info    0x0000000000002060      0x237 build/default/debug/_ext/1171490990/initialization.o
 .debug_info    0x0000000000002297       0xbf build/default/debug/_ext/1171490990/interrupts.o
 .debug_info    0x0000000000002356       0x22 build/default/debug/_ext/1171490990/interrupts_a.o
 .debug_info    0x0000000000002378      0x143 build/default/debug/_ext/1171490990/exceptions.o
 .debug_info    0x00000000000024bb      0x1fc build/default/debug/_ext/1171490990/freertos_hooks.o
 .debug_info    0x00000000000026b7      0x21d build/default/debug/_ext/1665200909/heap_1.o
 .debug_info    0x00000000000028d4      0xbb7 build/default/debug/_ext/951553248/port.o
 .debug_info    0x000000000000348b       0x26 build/default/debug/_ext/951553248/port_asm.o
 .debug_info    0x00000000000034b1       0x79 build/default/debug/_ext/404212886/croutine.o
 .debug_info    0x000000000000352a      0x2fd build/default/debug/_ext/404212886/list.o
 .debug_info    0x0000000000003827     0x1b02 build/default/debug/_ext/404212886/queue.o
 .debug_info    0x0000000000005329     0x2653 build/default/debug/_ext/404212886/FreeRTOS_tasks.o
 .debug_info    0x000000000000797c       0x79 build/default/debug/_ext/404212886/timers.o
 .debug_info    0x00000000000079f5      0xac3 build/default/debug/_ext/404212886/event_groups.o
 .debug_info    0x00000000000084b8     0x14ad build/default/debug/_ext/404212886/stream_buffer.o
 .debug_info    0x0000000000009965      0x15e build/default/debug/_ext/1360937237/main.o
 .debug_info    0x0000000000009ac3      0x388 build/default/debug/_ext/1360937237/enc28j60Task.o
 .debug_info    0x0000000000009e4b      0x1c8 build/default/debug/_ext/1360937237/blinky.o
 .debug_info    0x000000000000a013     0x1256 build/default/debug/_ext/1360937237/enc28j60Driver.o
 .debug_info    0x000000000000b269       0x22 C:\Users\kolel\AppData\Local\Temp\ccE7cNJH.o
 .debug_info    0x000000000000b28b       0x3f c:/program files/microchip/xc32/v4.10/bin/bin/../../lib/gcc/pic32mx/8.3.1/../../../../pic32mx/lib\libpic32.a(default-on-reset.o)
 .debug_info    0x000000000000b2ca       0x3f c:/program files/microchip/xc32/v4.10/bin/bin/../../lib/gcc/pic32mx/8.3.1/../../../../pic32mx/lib\libpic32.a(default-on-bootstrap.o)
 .debug_info    0x000000000000b309       0x40 c:/program files/microchip/xc32/v4.10/bin/bin/../../lib/gcc/pic32mx/8.3.1/../../../../pic32mx/lib\libpic32.a(defaultinterrupt.o)
 .debug_info    0x000000000000b349      0x1b9 c:/program files/microchip/xc32/v4.10/bin/bin/../../lib/gcc/pic32mx/8.3.1/../../../../pic32mx/lib\libc-musl.a(__sio_sprintf_doux.o)
 .debug_info    0x000000000000b502      0x327 c:/program files/microchip/xc32/v4.10/bin/bin/../../lib/gcc/pic32mx/8.3.1/../../../../pic32mx/lib\libc-musl.a(__fmt_d.o)
 .debug_info    0x000000000000b829      0x2f8 c:/program files/microchip/xc32/v4.10/bin/bin/../../lib/gcc/pic32mx/8.3.1/../../../../pic32mx/lib\libc-musl.a(__fmt_o.o)
 .debug_info    0x000000000000bb21      0x2a9 c:/program files/microchip/xc32/v4.10/bin/bin/../../lib/gcc/pic32mx/8.3.1/../../../../pic32mx/lib\libc-musl.a(__fmt_s.o)
 .debug_info    0x000000000000bdca      0x3cb c:/program files/microchip/xc32/v4.10/bin/bin/../../lib/gcc/pic32mx/8.3.1/../../../../pic32mx/lib\libc-musl.a(__fmt_u.o)
 .debug_info    0x000000000000c195      0x322 c:/program files/microchip/xc32/v4.10/bin/bin/../../lib/gcc/pic32mx/8.3.1/../../../../pic32mx/lib\libc-musl.a(__fmt_x.o)
 .debug_info    0x000000000000c4b7      0x9ee c:/program files/microchip/xc32/v4.10/bin/bin/../../lib/gcc/pic32mx/8.3.1/../../../../pic32mx/lib\libc-musl.a(__printf_core.o)
 .debug_info    0x000000000000cea5       0xee c:/program files/microchip/xc32/v4.10/bin/bin/../../lib/gcc/pic32mx/8.3.1/../../../../pic32mx/lib\libc-musl.a(atoi.o)
 .debug_info    0x000000000000cf93      0x11b c:/program files/microchip/xc32/v4.10/bin/bin/../../lib/gcc/pic32mx/8.3.1/../../../../pic32mx/lib\libc-musl.a(tolower.o)
 .debug_info    0x000000000000d0ae      0x11b c:/program files/microchip/xc32/v4.10/bin/bin/../../lib/gcc/pic32mx/8.3.1/../../../../pic32mx/lib\libc-musl.a(toupper.o)
 .debug_info    0x000000000000d1c9      0x127 c:/program files/microchip/xc32/v4.10/bin/bin/../../lib/gcc/pic32mx/8.3.1/../../../../pic32mx/lib\libc-musl.a(__int_vsprintf.o)
 .debug_info    0x000000000000d2f0      0x134 c:/program files/microchip/xc32/v4.10/bin/bin/../../lib/gcc/pic32mx/8.3.1/../../../../pic32mx/lib\libc-musl.a(__pop_float.o)
 .debug_info    0x000000000000d424      0x14e c:/program files/microchip/xc32/v4.10/bin/bin/../../lib/gcc/pic32mx/8.3.1/../../../../pic32mx/lib\libc-musl.a(__pop_int.o)
 .debug_info    0x000000000000d572      0x15e c:/program files/microchip/xc32/v4.10/bin/bin/../../lib/gcc/pic32mx/8.3.1/../../../../pic32mx/lib\libc-musl.a(__pop_ptr.o)
 .debug_info    0x000000000000d6d0      0x1f5 c:/program files/microchip/xc32/v4.10/bin/bin/../../lib/gcc/pic32mx/8.3.1/../../../../pic32mx/lib\libc-musl.a(__int_vsnprintf.o)
 .debug_info    0x000000000000d8c5      0x1e0 c:/program files/microchip/xc32/v4.10/bin/bin/../../lib/gcc/pic32mx/8.3.1/../../../../pic32mx/lib\libc-musl.a(__int_vfprintf.o)
 .debug_info    0x000000000000daa5      0x6ca c:/program files/microchip/xc32/v4.10/bin/bin/../../lib/gcc/pic32mx/8.3.1\libgcc.a(_udivdi3.o)
 .debug_info    0x000000000000e16f      0x742 c:/program files/microchip/xc32/v4.10/bin/bin/../../lib/gcc/pic32mx/8.3.1\libgcc.a(_umoddi3.o)

.debug_abbrev   0x0000000000000000     0x3958
 *.elf(.debug_abbrev)
 *(.debug_abbrev)
 .debug_abbrev  0x0000000000000000       0x2e c:/program files/microchip/xc32/v4.10/bin/bin/../../lib/gcc/pic32mx/8.3.1/../../../../pic32mx/lib\software-debug-break.o
 .debug_abbrev  0x000000000000002e       0xd8 build/default/debug/_ext/60165520/plib_clk.o
 .debug_abbrev  0x0000000000000106      0x156 build/default/debug/_ext/1865200349/plib_evic.o
 .debug_abbrev  0x000000000000025c       0xf9 build/default/debug/_ext/1865254177/plib_gpio.o
 .debug_abbrev  0x0000000000000355      0x184 build/default/debug/_ext/298189674/plib_spi2_master.o
 .debug_abbrev  0x00000000000004d9      0x3d5 build/default/debug/_ext/1865657120/plib_uart1.o
 .debug_abbrev  0x00000000000008ae       0x9e build/default/debug/_ext/163028504/xc32_monitor.o
 .debug_abbrev  0x000000000000094c      0x101 build/default/debug/_ext/1171490990/initialization.o
 .debug_abbrev  0x0000000000000a4d       0x67 build/default/debug/_ext/1171490990/interrupts.o
 .debug_abbrev  0x0000000000000ab4       0x12 build/default/debug/_ext/1171490990/interrupts_a.o
 .debug_abbrev  0x0000000000000ac6       0x83 build/default/debug/_ext/1171490990/exceptions.o
 .debug_abbrev  0x0000000000000b49      0x112 build/default/debug/_ext/1171490990/freertos_hooks.o
 .debug_abbrev  0x0000000000000c5b      0x177 build/default/debug/_ext/1665200909/heap_1.o
 .debug_abbrev  0x0000000000000dd2      0x37e build/default/debug/_ext/951553248/port.o
 .debug_abbrev  0x0000000000001150       0x14 build/default/debug/_ext/951553248/port_asm.o
 .debug_abbrev  0x0000000000001164       0x26 build/default/debug/_ext/404212886/croutine.o
 .debug_abbrev  0x000000000000118a      0x103 build/default/debug/_ext/404212886/list.o
 .debug_abbrev  0x000000000000128d      0x2c9 build/default/debug/_ext/404212886/queue.o
 .debug_abbrev  0x0000000000001556      0x29f build/default/debug/_ext/404212886/FreeRTOS_tasks.o
 .debug_abbrev  0x00000000000017f5       0x26 build/default/debug/_ext/404212886/timers.o
 .debug_abbrev  0x000000000000181b      0x216 build/default/debug/_ext/404212886/event_groups.o
 .debug_abbrev  0x0000000000001a31      0x2a4 build/default/debug/_ext/404212886/stream_buffer.o
 .debug_abbrev  0x0000000000001cd5       0xa5 build/default/debug/_ext/1360937237/main.o
 .debug_abbrev  0x0000000000001d7a      0x13f build/default/debug/_ext/1360937237/enc28j60Task.o
 .debug_abbrev  0x0000000000001eb9      0x10c build/default/debug/_ext/1360937237/blinky.o
 .debug_abbrev  0x0000000000001fc5      0x2c7 build/default/debug/_ext/1360937237/enc28j60Driver.o
 .debug_abbrev  0x000000000000228c       0x12 C:\Users\kolel\AppData\Local\Temp\ccE7cNJH.o
 .debug_abbrev  0x000000000000229e       0x2e c:/program files/microchip/xc32/v4.10/bin/bin/../../lib/gcc/pic32mx/8.3.1/../../../../pic32mx/lib\libpic32.a(default-on-reset.o)
 .debug_abbrev  0x00000000000022cc       0x2e c:/program files/microchip/xc32/v4.10/bin/bin/../../lib/gcc/pic32mx/8.3.1/../../../../pic32mx/lib\libpic32.a(default-on-bootstrap.o)
 .debug_abbrev  0x00000000000022fa       0x31 c:/program files/microchip/xc32/v4.10/bin/bin/../../lib/gcc/pic32mx/8.3.1/../../../../pic32mx/lib\libpic32.a(defaultinterrupt.o)
 .debug_abbrev  0x000000000000232b      0x100 c:/program files/microchip/xc32/v4.10/bin/bin/../../lib/gcc/pic32mx/8.3.1/../../../../pic32mx/lib\libc-musl.a(__sio_sprintf_doux.o)
 .debug_abbrev  0x000000000000242b      0x161 c:/program files/microchip/xc32/v4.10/bin/bin/../../lib/gcc/pic32mx/8.3.1/../../../../pic32mx/lib\libc-musl.a(__fmt_d.o)
 .debug_abbrev  0x000000000000258c      0x161 c:/program files/microchip/xc32/v4.10/bin/bin/../../lib/gcc/pic32mx/8.3.1/../../../../pic32mx/lib\libc-musl.a(__fmt_o.o)
 .debug_abbrev  0x00000000000026ed      0x14c c:/program files/microchip/xc32/v4.10/bin/bin/../../lib/gcc/pic32mx/8.3.1/../../../../pic32mx/lib\libc-musl.a(__fmt_s.o)
 .debug_abbrev  0x0000000000002839      0x193 c:/program files/microchip/xc32/v4.10/bin/bin/../../lib/gcc/pic32mx/8.3.1/../../../../pic32mx/lib\libc-musl.a(__fmt_u.o)
 .debug_abbrev  0x00000000000029cc      0x150 c:/program files/microchip/xc32/v4.10/bin/bin/../../lib/gcc/pic32mx/8.3.1/../../../../pic32mx/lib\libc-musl.a(__fmt_x.o)
 .debug_abbrev  0x0000000000002b1c      0x318 c:/program files/microchip/xc32/v4.10/bin/bin/../../lib/gcc/pic32mx/8.3.1/../../../../pic32mx/lib\libc-musl.a(__printf_core.o)
 .debug_abbrev  0x0000000000002e34       0xc4 c:/program files/microchip/xc32/v4.10/bin/bin/../../lib/gcc/pic32mx/8.3.1/../../../../pic32mx/lib\libc-musl.a(atoi.o)
 .debug_abbrev  0x0000000000002ef8       0xf1 c:/program files/microchip/xc32/v4.10/bin/bin/../../lib/gcc/pic32mx/8.3.1/../../../../pic32mx/lib\libc-musl.a(tolower.o)
 .debug_abbrev  0x0000000000002fe9       0xf1 c:/program files/microchip/xc32/v4.10/bin/bin/../../lib/gcc/pic32mx/8.3.1/../../../../pic32mx/lib\libc-musl.a(toupper.o)
 .debug_abbrev  0x00000000000030da       0xb1 c:/program files/microchip/xc32/v4.10/bin/bin/../../lib/gcc/pic32mx/8.3.1/../../../../pic32mx/lib\libc-musl.a(__int_vsprintf.o)
 .debug_abbrev  0x000000000000318b       0xc3 c:/program files/microchip/xc32/v4.10/bin/bin/../../lib/gcc/pic32mx/8.3.1/../../../../pic32mx/lib\libc-musl.a(__pop_float.o)
 .debug_abbrev  0x000000000000324e       0xc3 c:/program files/microchip/xc32/v4.10/bin/bin/../../lib/gcc/pic32mx/8.3.1/../../../../pic32mx/lib\libc-musl.a(__pop_int.o)
 .debug_abbrev  0x0000000000003311       0xd7 c:/program files/microchip/xc32/v4.10/bin/bin/../../lib/gcc/pic32mx/8.3.1/../../../../pic32mx/lib\libc-musl.a(__pop_ptr.o)
 .debug_abbrev  0x00000000000033e8      0x13a c:/program files/microchip/xc32/v4.10/bin/bin/../../lib/gcc/pic32mx/8.3.1/../../../../pic32mx/lib\libc-musl.a(__int_vsnprintf.o)
 .debug_abbrev  0x0000000000003522      0x118 c:/program files/microchip/xc32/v4.10/bin/bin/../../lib/gcc/pic32mx/8.3.1/../../../../pic32mx/lib\libc-musl.a(__int_vfprintf.o)
 .debug_abbrev  0x000000000000363a      0x184 c:/program files/microchip/xc32/v4.10/bin/bin/../../lib/gcc/pic32mx/8.3.1\libgcc.a(_udivdi3.o)
 .debug_abbrev  0x00000000000037be      0x19a c:/program files/microchip/xc32/v4.10/bin/bin/../../lib/gcc/pic32mx/8.3.1\libgcc.a(_umoddi3.o)

.debug_line     0x0000000000000000     0xa3d9
 *.elf(.debug_line)
 *(.debug_line)
 .debug_line    0x0000000000000000       0xb3 c:/program files/microchip/xc32/v4.10/bin/bin/../../lib/gcc/pic32mx/8.3.1/../../../../pic32mx/lib\software-debug-break.o
 .debug_line    0x00000000000000b3      0x190 build/default/debug/_ext/60165520/plib_clk.o
 .debug_line    0x0000000000000243      0x2de build/default/debug/_ext/1865200349/plib_evic.o
 .debug_line    0x0000000000000521      0x2ae build/default/debug/_ext/1865254177/plib_gpio.o
 .debug_line    0x00000000000007cf      0x4fd build/default/debug/_ext/298189674/plib_spi2_master.o
 .debug_line    0x0000000000000ccc      0xb25 build/default/debug/_ext/1865657120/plib_uart1.o
 .debug_line    0x00000000000017f1       0xf8 build/default/debug/_ext/163028504/xc32_monitor.o
 .debug_line    0x00000000000018e9      0x36a build/default/debug/_ext/1171490990/initialization.o
 .debug_line    0x0000000000001c53       0x8b build/default/debug/_ext/1171490990/interrupts.o
 .debug_line    0x0000000000001cde       0x6f build/default/debug/_ext/1171490990/interrupts_a.o
 .debug_line    0x0000000000001d4d       0xc2 build/default/debug/_ext/1171490990/exceptions.o
 .debug_line    0x0000000000001e0f      0x261 build/default/debug/_ext/1171490990/freertos_hooks.o
 .debug_line    0x0000000000002070      0x254 build/default/debug/_ext/1665200909/heap_1.o
 .debug_line    0x00000000000022c4      0x396 build/default/debug/_ext/951553248/port.o
 .debug_line    0x000000000000265a       0xfc build/default/debug/_ext/951553248/port_asm.o
 .debug_line    0x0000000000002756       0x1d build/default/debug/_ext/404212886/croutine.o
 .debug_line    0x0000000000002773      0x348 build/default/debug/_ext/404212886/list.o
 .debug_line    0x0000000000002abb      0xf1d build/default/debug/_ext/404212886/queue.o
 .debug_line    0x00000000000039d8     0x19c5 build/default/debug/_ext/404212886/FreeRTOS_tasks.o
 .debug_line    0x000000000000539d       0x1d build/default/debug/_ext/404212886/timers.o
 .debug_line    0x00000000000053ba      0x66b build/default/debug/_ext/404212886/event_groups.o
 .debug_line    0x0000000000005a25      0xa95 build/default/debug/_ext/404212886/stream_buffer.o
 .debug_line    0x00000000000064ba      0x1b8 build/default/debug/_ext/1360937237/main.o
 .debug_line    0x0000000000006672      0x276 build/default/debug/_ext/1360937237/enc28j60Task.o
 .debug_line    0x00000000000068e8      0x23c build/default/debug/_ext/1360937237/blinky.o
 .debug_line    0x0000000000006b24      0x847 build/default/debug/_ext/1360937237/enc28j60Driver.o
 .debug_line    0x000000000000736b      0x147 C:\Users\kolel\AppData\Local\Temp\ccE7cNJH.o
 .debug_line    0x00000000000074b2       0xa8 c:/program files/microchip/xc32/v4.10/bin/bin/../../lib/gcc/pic32mx/8.3.1/../../../../pic32mx/lib\libpic32.a(default-on-reset.o)
 .debug_line    0x000000000000755a       0xac c:/program files/microchip/xc32/v4.10/bin/bin/../../lib/gcc/pic32mx/8.3.1/../../../../pic32mx/lib\libpic32.a(default-on-bootstrap.o)
 .debug_line    0x0000000000007606       0xcb c:/program files/microchip/xc32/v4.10/bin/bin/../../lib/gcc/pic32mx/8.3.1/../../../../pic32mx/lib\libpic32.a(defaultinterrupt.o)
 .debug_line    0x00000000000076d1      0x1f8 c:/program files/microchip/xc32/v4.10/bin/bin/../../lib/gcc/pic32mx/8.3.1/../../../../pic32mx/lib\libc-musl.a(__sio_sprintf_doux.o)
 .debug_line    0x00000000000078c9      0x26f c:/program files/microchip/xc32/v4.10/bin/bin/../../lib/gcc/pic32mx/8.3.1/../../../../pic32mx/lib\libc-musl.a(__fmt_d.o)
 .debug_line    0x0000000000007b38      0x217 c:/program files/microchip/xc32/v4.10/bin/bin/../../lib/gcc/pic32mx/8.3.1/../../../../pic32mx/lib\libc-musl.a(__fmt_o.o)
 .debug_line    0x0000000000007d4f      0x266 c:/program files/microchip/xc32/v4.10/bin/bin/../../lib/gcc/pic32mx/8.3.1/../../../../pic32mx/lib\libc-musl.a(__fmt_s.o)
 .debug_line    0x0000000000007fb5      0x2ad c:/program files/microchip/xc32/v4.10/bin/bin/../../lib/gcc/pic32mx/8.3.1/../../../../pic32mx/lib\libc-musl.a(__fmt_u.o)
 .debug_line    0x0000000000008262      0x33a c:/program files/microchip/xc32/v4.10/bin/bin/../../lib/gcc/pic32mx/8.3.1/../../../../pic32mx/lib\libc-musl.a(__fmt_x.o)
 .debug_line    0x000000000000859c      0x710 c:/program files/microchip/xc32/v4.10/bin/bin/../../lib/gcc/pic32mx/8.3.1/../../../../pic32mx/lib\libc-musl.a(__printf_core.o)
 .debug_line    0x0000000000008cac      0x181 c:/program files/microchip/xc32/v4.10/bin/bin/../../lib/gcc/pic32mx/8.3.1/../../../../pic32mx/lib\libc-musl.a(atoi.o)
 .debug_line    0x0000000000008e2d      0x1c1 c:/program files/microchip/xc32/v4.10/bin/bin/../../lib/gcc/pic32mx/8.3.1/../../../../pic32mx/lib\libc-musl.a(tolower.o)
 .debug_line    0x0000000000008fee      0x1c1 c:/program files/microchip/xc32/v4.10/bin/bin/../../lib/gcc/pic32mx/8.3.1/../../../../pic32mx/lib\libc-musl.a(toupper.o)
 .debug_line    0x00000000000091af      0x1ab c:/program files/microchip/xc32/v4.10/bin/bin/../../lib/gcc/pic32mx/8.3.1/../../../../pic32mx/lib\libc-musl.a(__int_vsprintf.o)
 .debug_line    0x000000000000935a      0x1bb c:/program files/microchip/xc32/v4.10/bin/bin/../../lib/gcc/pic32mx/8.3.1/../../../../pic32mx/lib\libc-musl.a(__pop_float.o)
 .debug_line    0x0000000000009515      0x25a c:/program files/microchip/xc32/v4.10/bin/bin/../../lib/gcc/pic32mx/8.3.1/../../../../pic32mx/lib\libc-musl.a(__pop_int.o)
 .debug_line    0x000000000000976f      0x212 c:/program files/microchip/xc32/v4.10/bin/bin/../../lib/gcc/pic32mx/8.3.1/../../../../pic32mx/lib\libc-musl.a(__pop_ptr.o)
 .debug_line    0x0000000000009981      0x274 c:/program files/microchip/xc32/v4.10/bin/bin/../../lib/gcc/pic32mx/8.3.1/../../../../pic32mx/lib\libc-musl.a(__int_vsnprintf.o)
 .debug_line    0x0000000000009bf5      0x1c9 c:/program files/microchip/xc32/v4.10/bin/bin/../../lib/gcc/pic32mx/8.3.1/../../../../pic32mx/lib\libc-musl.a(__int_vfprintf.o)
 .debug_line    0x0000000000009dbe      0x2e9 c:/program files/microchip/xc32/v4.10/bin/bin/../../lib/gcc/pic32mx/8.3.1\libgcc.a(_udivdi3.o)
 .debug_line    0x000000000000a0a7      0x332 c:/program files/microchip/xc32/v4.10/bin/bin/../../lib/gcc/pic32mx/8.3.1\libgcc.a(_umoddi3.o)
 .debug_line    0x000000000000a3d9        0x0 c:/program files/microchip/xc32/v4.10/bin/bin/../../lib/gcc/pic32mx/8.3.1/../../../../pic32mx/lib\libpic32.a(errno.o)

.debug_frame    0x0000000000000000     0x1ad0
 *.elf(.debug_frame)
 *(.debug_frame)
 .debug_frame   0x0000000000000000       0x20 c:/program files/microchip/xc32/v4.10/bin/bin/../../lib/gcc/pic32mx/8.3.1/../../../../pic32mx/lib\software-debug-break.o
 .debug_frame   0x0000000000000020       0x20 build/default/debug/_ext/60165520/plib_clk.o
 .debug_frame   0x0000000000000040       0xd4 build/default/debug/_ext/1865200349/plib_evic.o
 .debug_frame   0x0000000000000114       0xa0 build/default/debug/_ext/1865254177/plib_gpio.o
 .debug_frame   0x00000000000001b4       0x88 build/default/debug/_ext/298189674/plib_spi2_master.o
 .debug_frame   0x000000000000023c      0x1c0 build/default/debug/_ext/1865657120/plib_uart1.o
 .debug_frame   0x00000000000003fc       0x30 build/default/debug/_ext/163028504/xc32_monitor.o
 .debug_frame   0x000000000000042c       0x2c build/default/debug/_ext/1171490990/initialization.o
 .debug_frame   0x0000000000000458       0x2c build/default/debug/_ext/1171490990/interrupts.o
 .debug_frame   0x0000000000000484       0x40 build/default/debug/_ext/1171490990/exceptions.o
 .debug_frame   0x00000000000004c4       0x7c build/default/debug/_ext/1171490990/freertos_hooks.o
 .debug_frame   0x0000000000000540       0x60 build/default/debug/_ext/1665200909/heap_1.o
 .debug_frame   0x00000000000005a0       0xf0 build/default/debug/_ext/951553248/port.o
 .debug_frame   0x0000000000000690       0x60 build/default/debug/_ext/404212886/list.o
 .debug_frame   0x00000000000006f0      0x2e8 build/default/debug/_ext/404212886/queue.o
 .debug_frame   0x00000000000009d8      0x5cc build/default/debug/_ext/404212886/FreeRTOS_tasks.o
 .debug_frame   0x0000000000000fa4      0x134 build/default/debug/_ext/404212886/event_groups.o
 .debug_frame   0x00000000000010d8      0x290 build/default/debug/_ext/404212886/stream_buffer.o
 .debug_frame   0x0000000000001368       0x28 build/default/debug/_ext/1360937237/main.o
 .debug_frame   0x0000000000001390       0x2c build/default/debug/_ext/1360937237/enc28j60Task.o
 .debug_frame   0x00000000000013bc       0x2c build/default/debug/_ext/1360937237/blinky.o
 .debug_frame   0x00000000000013e8      0x274 build/default/debug/_ext/1360937237/enc28j60Driver.o
 .debug_frame   0x000000000000165c       0x20 c:/program files/microchip/xc32/v4.10/bin/bin/../../lib/gcc/pic32mx/8.3.1/../../../../pic32mx/lib\libpic32.a(default-on-reset.o)
 .debug_frame   0x000000000000167c       0x20 c:/program files/microchip/xc32/v4.10/bin/bin/../../lib/gcc/pic32mx/8.3.1/../../../../pic32mx/lib\libpic32.a(default-on-bootstrap.o)
 .debug_frame   0x000000000000169c       0x20 c:/program files/microchip/xc32/v4.10/bin/bin/../../lib/gcc/pic32mx/8.3.1/../../../../pic32mx/lib\libpic32.a(defaultinterrupt.o)
 .debug_frame   0x00000000000016bc       0x48 c:/program files/microchip/xc32/v4.10/bin/bin/../../lib/gcc/pic32mx/8.3.1/../../../../pic32mx/lib\libc-musl.a(__sio_sprintf_doux.o)
 .debug_frame   0x0000000000001704       0x38 c:/program files/microchip/xc32/v4.10/bin/bin/../../lib/gcc/pic32mx/8.3.1/../../../../pic32mx/lib\libc-musl.a(__fmt_d.o)
 .debug_frame   0x000000000000173c       0x34 c:/program files/microchip/xc32/v4.10/bin/bin/../../lib/gcc/pic32mx/8.3.1/../../../../pic32mx/lib\libc-musl.a(__fmt_o.o)
 .debug_frame   0x0000000000001770       0x34 c:/program files/microchip/xc32/v4.10/bin/bin/../../lib/gcc/pic32mx/8.3.1/../../../../pic32mx/lib\libc-musl.a(__fmt_s.o)
 .debug_frame   0x00000000000017a4       0x64 c:/program files/microchip/xc32/v4.10/bin/bin/../../lib/gcc/pic32mx/8.3.1/../../../../pic32mx/lib\libc-musl.a(__fmt_u.o)
 .debug_frame   0x0000000000001808       0x40 c:/program files/microchip/xc32/v4.10/bin/bin/../../lib/gcc/pic32mx/8.3.1/../../../../pic32mx/lib\libc-musl.a(__fmt_x.o)
 .debug_frame   0x0000000000001848       0xcc c:/program files/microchip/xc32/v4.10/bin/bin/../../lib/gcc/pic32mx/8.3.1/../../../../pic32mx/lib\libc-musl.a(__printf_core.o)
 .debug_frame   0x0000000000001914       0x20 c:/program files/microchip/xc32/v4.10/bin/bin/../../lib/gcc/pic32mx/8.3.1/../../../../pic32mx/lib\libc-musl.a(atoi.o)
 .debug_frame   0x0000000000001934       0x3c c:/program files/microchip/xc32/v4.10/bin/bin/../../lib/gcc/pic32mx/8.3.1/../../../../pic32mx/lib\libc-musl.a(tolower.o)
 .debug_frame   0x0000000000001970       0x3c c:/program files/microchip/xc32/v4.10/bin/bin/../../lib/gcc/pic32mx/8.3.1/../../../../pic32mx/lib\libc-musl.a(toupper.o)
 .debug_frame   0x00000000000019ac       0x2c c:/program files/microchip/xc32/v4.10/bin/bin/../../lib/gcc/pic32mx/8.3.1/../../../../pic32mx/lib\libc-musl.a(__int_vsprintf.o)
 .debug_frame   0x00000000000019d8       0x20 c:/program files/microchip/xc32/v4.10/bin/bin/../../lib/gcc/pic32mx/8.3.1/../../../../pic32mx/lib\libc-musl.a(__pop_float.o)
 .debug_frame   0x00000000000019f8       0x20 c:/program files/microchip/xc32/v4.10/bin/bin/../../lib/gcc/pic32mx/8.3.1/../../../../pic32mx/lib\libc-musl.a(__pop_int.o)
 .debug_frame   0x0000000000001a18       0x20 c:/program files/microchip/xc32/v4.10/bin/bin/../../lib/gcc/pic32mx/8.3.1/../../../../pic32mx/lib\libc-musl.a(__pop_ptr.o)
 .debug_frame   0x0000000000001a38       0x2c c:/program files/microchip/xc32/v4.10/bin/bin/../../lib/gcc/pic32mx/8.3.1/../../../../pic32mx/lib\libc-musl.a(__int_vsnprintf.o)
 .debug_frame   0x0000000000001a64       0x2c c:/program files/microchip/xc32/v4.10/bin/bin/../../lib/gcc/pic32mx/8.3.1/../../../../pic32mx/lib\libc-musl.a(__int_vfprintf.o)
 .debug_frame   0x0000000000001a90       0x20 c:/program files/microchip/xc32/v4.10/bin/bin/../../lib/gcc/pic32mx/8.3.1\libgcc.a(_udivdi3.o)
 .debug_frame   0x0000000000001ab0       0x20 c:/program files/microchip/xc32/v4.10/bin/bin/../../lib/gcc/pic32mx/8.3.1\libgcc.a(_umoddi3.o)

.debug_str      0x0000000000000000     0xdf23
 *.elf(.debug_str)
 *(.debug_str)
 .debug_str     0x0000000000000000      0x369 c:/program files/microchip/xc32/v4.10/bin/bin/../../lib/gcc/pic32mx/8.3.1/../../../../pic32mx/lib\software-debug-break.o
 .debug_str     0x0000000000000369      0x448 build/default/debug/_ext/60165520/plib_clk.o
 .debug_str     0x00000000000007b1      0x9f9 build/default/debug/_ext/1865200349/plib_evic.o
 .debug_str     0x00000000000011aa      0x444 build/default/debug/_ext/1865254177/plib_gpio.o
 .debug_str     0x00000000000015ee      0x5fa build/default/debug/_ext/298189674/plib_spi2_master.o
 .debug_str     0x0000000000001be8      0xaab build/default/debug/_ext/1865657120/plib_uart1.o
 .debug_str     0x0000000000002693      0x2be build/default/debug/_ext/163028504/xc32_monitor.o
 .debug_str     0x0000000000002951      0x3e0 build/default/debug/_ext/1171490990/initialization.o
 .debug_str     0x0000000000002d31      0x32b build/default/debug/_ext/1171490990/interrupts.o
 .debug_str     0x000000000000305c       0x82 build/default/debug/_ext/1171490990/interrupts_a.o
 .debug_str     0x00000000000030de      0x3f1 build/default/debug/_ext/1171490990/exceptions.o
 .debug_str     0x00000000000034cf      0x3ed build/default/debug/_ext/1171490990/freertos_hooks.o
 .debug_str     0x00000000000038bc      0x3ec build/default/debug/_ext/1665200909/heap_1.o
 .debug_str     0x0000000000003ca8      0x784 build/default/debug/_ext/951553248/port.o
 .debug_str     0x000000000000442c       0xa7 build/default/debug/_ext/951553248/port_asm.o
 .debug_str     0x00000000000044d3      0x30e build/default/debug/_ext/404212886/croutine.o
 .debug_str     0x00000000000047e1      0x44d build/default/debug/_ext/404212886/list.o
 .debug_str     0x0000000000004c2e      0xadf build/default/debug/_ext/404212886/queue.o
 .debug_str     0x000000000000570d     0x1094 build/default/debug/_ext/404212886/FreeRTOS_tasks.o
 .debug_str     0x00000000000067a1      0x30c build/default/debug/_ext/404212886/timers.o
 .debug_str     0x0000000000006aad      0x778 build/default/debug/_ext/404212886/event_groups.o
 .debug_str     0x0000000000007225      0x9c5 build/default/debug/_ext/404212886/stream_buffer.o
 .debug_str     0x0000000000007bea      0x32f build/default/debug/_ext/1360937237/main.o
 .debug_str     0x0000000000007f19      0x424 build/default/debug/_ext/1360937237/enc28j60Task.o
 .debug_str     0x000000000000833d      0x3ab build/default/debug/_ext/1360937237/blinky.o
 .debug_str     0x00000000000086e8      0x5c9 build/default/debug/_ext/1360937237/enc28j60Driver.o
 .debug_str     0x0000000000008cb1       0xbd C:\Users\kolel\AppData\Local\Temp\ccE7cNJH.o
 .debug_str     0x0000000000008d6e      0x353 c:/program files/microchip/xc32/v4.10/bin/bin/../../lib/gcc/pic32mx/8.3.1/../../../../pic32mx/lib\libpic32.a(default-on-reset.o)
 .debug_str     0x00000000000090c1      0x35b c:/program files/microchip/xc32/v4.10/bin/bin/../../lib/gcc/pic32mx/8.3.1/../../../../pic32mx/lib\libpic32.a(default-on-bootstrap.o)
 .debug_str     0x000000000000941c      0x36d c:/program files/microchip/xc32/v4.10/bin/bin/../../lib/gcc/pic32mx/8.3.1/../../../../pic32mx/lib\libpic32.a(defaultinterrupt.o)
 .debug_str     0x0000000000009789      0x400 c:/program files/microchip/xc32/v4.10/bin/bin/../../lib/gcc/pic32mx/8.3.1/../../../../pic32mx/lib\libc-musl.a(__sio_sprintf_doux.o)
 .debug_str     0x0000000000009b89      0x3e7 c:/program files/microchip/xc32/v4.10/bin/bin/../../lib/gcc/pic32mx/8.3.1/../../../../pic32mx/lib\libc-musl.a(__fmt_d.o)
 .debug_str     0x0000000000009f70      0x3e7 c:/program files/microchip/xc32/v4.10/bin/bin/../../lib/gcc/pic32mx/8.3.1/../../../../pic32mx/lib\libc-musl.a(__fmt_o.o)
 .debug_str     0x000000000000a357      0x3d3 c:/program files/microchip/xc32/v4.10/bin/bin/../../lib/gcc/pic32mx/8.3.1/../../../../pic32mx/lib\libc-musl.a(__fmt_s.o)
 .debug_str     0x000000000000a72a      0x3ec c:/program files/microchip/xc32/v4.10/bin/bin/../../lib/gcc/pic32mx/8.3.1/../../../../pic32mx/lib\libc-musl.a(__fmt_u.o)
 .debug_str     0x000000000000ab16      0x3e7 c:/program files/microchip/xc32/v4.10/bin/bin/../../lib/gcc/pic32mx/8.3.1/../../../../pic32mx/lib\libc-musl.a(__fmt_x.o)
 .debug_str     0x000000000000aefd      0x4cf c:/program files/microchip/xc32/v4.10/bin/bin/../../lib/gcc/pic32mx/8.3.1/../../../../pic32mx/lib\libc-musl.a(__printf_core.o)
 .debug_str     0x000000000000b3cc      0x320 c:/program files/microchip/xc32/v4.10/bin/bin/../../lib/gcc/pic32mx/8.3.1/../../../../pic32mx/lib\libc-musl.a(atoi.o)
 .debug_str     0x000000000000b6ec      0x34d c:/program files/microchip/xc32/v4.10/bin/bin/../../lib/gcc/pic32mx/8.3.1/../../../../pic32mx/lib\libc-musl.a(tolower.o)
 .debug_str     0x000000000000ba39      0x34d c:/program files/microchip/xc32/v4.10/bin/bin/../../lib/gcc/pic32mx/8.3.1/../../../../pic32mx/lib\libc-musl.a(toupper.o)
 .debug_str     0x000000000000bd86      0x39b c:/program files/microchip/xc32/v4.10/bin/bin/../../lib/gcc/pic32mx/8.3.1/../../../../pic32mx/lib\libc-musl.a(__int_vsprintf.o)
 .debug_str     0x000000000000c121      0x3b5 c:/program files/microchip/xc32/v4.10/bin/bin/../../lib/gcc/pic32mx/8.3.1/../../../../pic32mx/lib\libc-musl.a(__pop_float.o)
 .debug_str     0x000000000000c4d6      0x3c0 c:/program files/microchip/xc32/v4.10/bin/bin/../../lib/gcc/pic32mx/8.3.1/../../../../pic32mx/lib\libc-musl.a(__pop_int.o)
 .debug_str     0x000000000000c896      0x3c2 c:/program files/microchip/xc32/v4.10/bin/bin/../../lib/gcc/pic32mx/8.3.1/../../../../pic32mx/lib\libc-musl.a(__pop_ptr.o)
 .debug_str     0x000000000000cc58      0x3e3 c:/program files/microchip/xc32/v4.10/bin/bin/../../lib/gcc/pic32mx/8.3.1/../../../../pic32mx/lib\libc-musl.a(__int_vsnprintf.o)
 .debug_str     0x000000000000d03b      0x3de c:/program files/microchip/xc32/v4.10/bin/bin/../../lib/gcc/pic32mx/8.3.1/../../../../pic32mx/lib\libc-musl.a(__int_vfprintf.o)
 .debug_str     0x000000000000d419      0x3e6 c:/program files/microchip/xc32/v4.10/bin/bin/../../lib/gcc/pic32mx/8.3.1\libgcc.a(_udivdi3.o)
 .debug_str     0x000000000000d7ff      0x3e6 c:/program files/microchip/xc32/v4.10/bin/bin/../../lib/gcc/pic32mx/8.3.1\libgcc.a(_umoddi3.o)
 .debug_str     0x000000000000dbe5      0x33e c:/program files/microchip/xc32/v4.10/bin/bin/../../lib/gcc/pic32mx/8.3.1/../../../../pic32mx/lib\libpic32.a(errno.o)

.debug_loc      0x0000000000000000     0xb64c
 *.elf(.debug_loc)
 *(.debug_loc)
 .debug_loc     0x0000000000000000      0x173 build/default/debug/_ext/1865200349/plib_evic.o
 .debug_loc     0x0000000000000173      0x172 build/default/debug/_ext/1865254177/plib_gpio.o
 .debug_loc     0x00000000000002e5      0x526 build/default/debug/_ext/298189674/plib_spi2_master.o
 .debug_loc     0x000000000000080b      0xb37 build/default/debug/_ext/1865657120/plib_uart1.o
 .debug_loc     0x0000000000001342       0x51 build/default/debug/_ext/1171490990/initialization.o
 .debug_loc     0x0000000000001393       0x2c build/default/debug/_ext/1171490990/interrupts.o
 .debug_loc     0x00000000000013bf       0x40 build/default/debug/_ext/1171490990/exceptions.o
 .debug_loc     0x00000000000013ff      0x122 build/default/debug/_ext/1171490990/freertos_hooks.o
 .debug_loc     0x0000000000001521       0x8d build/default/debug/_ext/1665200909/heap_1.o
 .debug_loc     0x00000000000015ae      0x22e build/default/debug/_ext/951553248/port.o
 .debug_loc     0x00000000000017dc       0x61 build/default/debug/_ext/404212886/list.o
 .debug_loc     0x000000000000183d     0x1ae7 build/default/debug/_ext/404212886/queue.o
 .debug_loc     0x0000000000003324     0x298b build/default/debug/_ext/404212886/FreeRTOS_tasks.o
 .debug_loc     0x0000000000005caf      0xdc3 build/default/debug/_ext/404212886/event_groups.o
 .debug_loc     0x0000000000006a72     0x1847 build/default/debug/_ext/404212886/stream_buffer.o
 .debug_loc     0x00000000000082b9       0x20 build/default/debug/_ext/1360937237/main.o
 .debug_loc     0x00000000000082d9       0x7d build/default/debug/_ext/1360937237/enc28j60Task.o
 .debug_loc     0x0000000000008356       0x45 build/default/debug/_ext/1360937237/blinky.o
 .debug_loc     0x000000000000839b      0xb5a build/default/debug/_ext/1360937237/enc28j60Driver.o
 .debug_loc     0x0000000000008ef5       0x5f c:/program files/microchip/xc32/v4.10/bin/bin/../../lib/gcc/pic32mx/8.3.1/../../../../pic32mx/lib\libc-musl.a(__sio_sprintf_doux.o)